Archive member included to satisfy reference by file (symbol)

c:/st/stm32cubeide_1.4.0/stm32cubeide/plugins/com.st.stm32cube.ide.mcu.externaltools.gnu-tools-for-stm32.9-2020-q2-update.win32_2.0.0.202105311346/tools/bin/../lib/gcc/arm-none-eabi/9.3.1/../../../../arm-none-eabi/lib/thumb/v7e-m+fp/hard\libc_nano.a(lib_a-errno.o)
                              ./Core/Src/syscalls.o (__errno)
c:/st/stm32cubeide_1.4.0/stm32cubeide/plugins/com.st.stm32cube.ide.mcu.externaltools.gnu-tools-for-stm32.9-2020-q2-update.win32_2.0.0.202105311346/tools/bin/../lib/gcc/arm-none-eabi/9.3.1/../../../../arm-none-eabi/lib/thumb/v7e-m+fp/hard\libc_nano.a(lib_a-exit.o)
                              c:/st/stm32cubeide_1.4.0/stm32cubeide/plugins/com.st.stm32cube.ide.mcu.externaltools.gnu-tools-for-stm32.9-2020-q2-update.win32_2.0.0.202105311346/tools/bin/../lib/gcc/arm-none-eabi/9.3.1/../../../../arm-none-eabi/lib/thumb/v7e-m+fp/hard/crt0.o (exit)
c:/st/stm32cubeide_1.4.0/stm32cubeide/plugins/com.st.stm32cube.ide.mcu.externaltools.gnu-tools-for-stm32.9-2020-q2-update.win32_2.0.0.202105311346/tools/bin/../lib/gcc/arm-none-eabi/9.3.1/../../../../arm-none-eabi/lib/thumb/v7e-m+fp/hard\libc_nano.a(lib_a-impure.o)
                              c:/st/stm32cubeide_1.4.0/stm32cubeide/plugins/com.st.stm32cube.ide.mcu.externaltools.gnu-tools-for-stm32.9-2020-q2-update.win32_2.0.0.202105311346/tools/bin/../lib/gcc/arm-none-eabi/9.3.1/../../../../arm-none-eabi/lib/thumb/v7e-m+fp/hard\libc_nano.a(lib_a-exit.o) (_global_impure_ptr)
c:/st/stm32cubeide_1.4.0/stm32cubeide/plugins/com.st.stm32cube.ide.mcu.externaltools.gnu-tools-for-stm32.9-2020-q2-update.win32_2.0.0.202105311346/tools/bin/../lib/gcc/arm-none-eabi/9.3.1/../../../../arm-none-eabi/lib/thumb/v7e-m+fp/hard\libc_nano.a(lib_a-init.o)
                              c:/st/stm32cubeide_1.4.0/stm32cubeide/plugins/com.st.stm32cube.ide.mcu.externaltools.gnu-tools-for-stm32.9-2020-q2-update.win32_2.0.0.202105311346/tools/bin/../lib/gcc/arm-none-eabi/9.3.1/../../../../arm-none-eabi/lib/thumb/v7e-m+fp/hard/crt0.o (__libc_init_array)
c:/st/stm32cubeide_1.4.0/stm32cubeide/plugins/com.st.stm32cube.ide.mcu.externaltools.gnu-tools-for-stm32.9-2020-q2-update.win32_2.0.0.202105311346/tools/bin/../lib/gcc/arm-none-eabi/9.3.1/../../../../arm-none-eabi/lib/thumb/v7e-m+fp/hard\libc_nano.a(lib_a-memset.o)
                              c:/st/stm32cubeide_1.4.0/stm32cubeide/plugins/com.st.stm32cube.ide.mcu.externaltools.gnu-tools-for-stm32.9-2020-q2-update.win32_2.0.0.202105311346/tools/bin/../lib/gcc/arm-none-eabi/9.3.1/../../../../arm-none-eabi/lib/thumb/v7e-m+fp/hard/crt0.o (memset)
c:/st/stm32cubeide_1.4.0/stm32cubeide/plugins/com.st.stm32cube.ide.mcu.externaltools.gnu-tools-for-stm32.9-2020-q2-update.win32_2.0.0.202105311346/tools/bin/../lib/gcc/arm-none-eabi/9.3.1/../../../../arm-none-eabi/lib/thumb/v7e-m+fp/hard\libm.a(lib_a-s_round.o)
                              ./Core/mydrivers/Src/stm32f401xe_usart.o (round)
c:/st/stm32cubeide_1.4.0/stm32cubeide/plugins/com.st.stm32cube.ide.mcu.externaltools.gnu-tools-for-stm32.9-2020-q2-update.win32_2.0.0.202105311346/tools/bin/../lib/gcc/arm-none-eabi/9.3.1/thumb/v7e-m+fp/hard\libgcc.a(_arm_addsubdf3.o)
                              c:/st/stm32cubeide_1.4.0/stm32cubeide/plugins/com.st.stm32cube.ide.mcu.externaltools.gnu-tools-for-stm32.9-2020-q2-update.win32_2.0.0.202105311346/tools/bin/../lib/gcc/arm-none-eabi/9.3.1/../../../../arm-none-eabi/lib/thumb/v7e-m+fp/hard\libm.a(lib_a-s_round.o) (__aeabi_dadd)
c:/st/stm32cubeide_1.4.0/stm32cubeide/plugins/com.st.stm32cube.ide.mcu.externaltools.gnu-tools-for-stm32.9-2020-q2-update.win32_2.0.0.202105311346/tools/bin/../lib/gcc/arm-none-eabi/9.3.1/thumb/v7e-m+fp/hard\libgcc.a(_arm_fixunsdfsi.o)
                              ./Core/mydrivers/Src/stm32f401xe_usart.o (__aeabi_d2uiz)

Allocating common symbols
Common symbol       size              file

SendBuffer1Flag     0x1               ./Core/Src/main.o
p_usart2            0x10              ./Core/Src/main.o
IdleFlag            0x1               ./Core/Src/main.o
p_dma1              0x24              ./Core/Src/main.o
SendBuffer0Flag     0x1               ./Core/Src/main.o
ErrorFlag           0x1               ./Core/Src/main.o

Discarded input sections

 .text          0x0000000000000000        0x0 c:/st/stm32cubeide_1.4.0/stm32cubeide/plugins/com.st.stm32cube.ide.mcu.externaltools.gnu-tools-for-stm32.9-2020-q2-update.win32_2.0.0.202105311346/tools/bin/../lib/gcc/arm-none-eabi/9.3.1/thumb/v7e-m+fp/hard/crti.o
 .data          0x0000000000000000        0x0 c:/st/stm32cubeide_1.4.0/stm32cubeide/plugins/com.st.stm32cube.ide.mcu.externaltools.gnu-tools-for-stm32.9-2020-q2-update.win32_2.0.0.202105311346/tools/bin/../lib/gcc/arm-none-eabi/9.3.1/thumb/v7e-m+fp/hard/crti.o
[...]
Memory Configuration

Name             Origin             Length             Attributes
RAM              0x0000000020000000 0x0000000000018000 xrw
FLASH            0x0000000008000000 0x0000000000080000 xr
*default*        0x0000000000000000 0xffffffffffffffff

Linker script and memory map

LOAD c:/st/stm32cubeide_1.4.0/stm32cubeide/plugins/com.st.stm32cube.ide.mcu.externaltools.gnu-tools-for-stm32.9-2020-q2-update.win32_2.0.0.202105311346/tools/bin/../lib/gcc/arm-none-eabi/9.3.1/thumb/v7e-m+fp/hard/crti.o
LOAD c:/st/stm32cubeide_1.4.0/stm32cubeide/plugins/com.st.stm32cube.ide.mcu.externaltools.gnu-tools-for-stm32.9-2020-q2-update.win32_2.0.0.202105311346/tools/bin/../lib/gcc/arm-none-eabi/9.3.1/thumb/v7e-m+fp/hard/crtbegin.o
LOAD c:/st/stm32cubeide_1.4.0/stm32cubeide/plugins/com.st.stm32cube.ide.mcu.externaltools.gnu-tools-for-stm32.9-2020-q2-update.win32_2.0.0.202105311346/tools/bin/../lib/gcc/arm-none-eabi/9.3.1/../../../../arm-none-eabi/lib/thumb/v7e-m+fp/hard/crt0.o
LOAD ./Core/Src/main.o
LOAD ./Core/Src/syscalls.o
LOAD ./Core/Src/sysmem.o
LOAD ./Core/Src/system_stm32f4xx.o
LOAD ./Core/Startup/startup_stm32f401retx.o
LOAD ./Core/mydrivers/Src/stm32f401xe_dma.o
LOAD ./Core/mydrivers/Src/stm32f401xe_gpio.o
LOAD ./Core/mydrivers/Src/stm32f401xe_i2c.o
LOAD ./Core/mydrivers/Src/stm32f401xe_iwdg.o
LOAD ./Core/mydrivers/Src/stm32f401xe_pwr.o
LOAD ./Core/mydrivers/Src/stm32f401xe_rcc.o
LOAD ./Core/mydrivers/Src/stm32f401xe_rtc.o
LOAD ./Core/mydrivers/Src/stm32f401xe_spi.o
LOAD ./Core/mydrivers/Src/stm32f401xe_tim.o
LOAD ./Core/mydrivers/Src/stm32f401xe_usart.o
LOAD ./Core/mydrivers/Src/stm32f401xe_wwdg.o
START GROUP
LOAD c:/st/stm32cubeide_1.4.0/stm32cubeide/plugins/com.st.stm32cube.ide.mcu.externaltools.gnu-tools-for-stm32.9-2020-q2-update.win32_2.0.0.202105311346/tools/bin/../lib/gcc/arm-none-eabi/9.3.1/../../../../arm-none-eabi/lib/thumb/v7e-m+fp/hard\libc_nano.a
LOAD c:/st/stm32cubeide_1.4.0/stm32cubeide/plugins/com.st.stm32cube.ide.mcu.externaltools.gnu-tools-for-stm32.9-2020-q2-update.win32_2.0.0.202105311346/tools/bin/../lib/gcc/arm-none-eabi/9.3.1/../../../../arm-none-eabi/lib/thumb/v7e-m+fp/hard\libm.a
END GROUP
START GROUP
LOAD c:/st/stm32cubeide_1.4.0/stm32cubeide/plugins/com.st.stm32cube.ide.mcu.externaltools.gnu-tools-for-stm32.9-2020-q2-update.win32_2.0.0.202105311346/tools/bin/../lib/gcc/arm-none-eabi/9.3.1/thumb/v7e-m+fp/hard\libgcc.a
LOAD c:/st/stm32cubeide_1.4.0/stm32cubeide/plugins/com.st.stm32cube.ide.mcu.externaltools.gnu-tools-for-stm32.9-2020-q2-update.win32_2.0.0.202105311346/tools/bin/../lib/gcc/arm-none-eabi/9.3.1/../../../../arm-none-eabi/lib/thumb/v7e-m+fp/hard\libc_nano.a
END GROUP
START GROUP
LOAD c:/st/stm32cubeide_1.4.0/stm32cubeide/plugins/com.st.stm32cube.ide.mcu.externaltools.gnu-tools-for-stm32.9-2020-q2-update.win32_2.0.0.202105311346/tools/bin/../lib/gcc/arm-none-eabi/9.3.1/thumb/v7e-m+fp/hard\libgcc.a
LOAD c:/st/stm32cubeide_1.4.0/stm32cubeide/plugins/com.st.stm32cube.ide.mcu.externaltools.gnu-tools-for-stm32.9-2020-q2-update.win32_2.0.0.202105311346/tools/bin/../lib/gcc/arm-none-eabi/9.3.1/../../../../arm-none-eabi/lib/thumb/v7e-m+fp/hard\libc_nano.a
LOAD c:/st/stm32cubeide_1.4.0/stm32cubeide/plugins/com.st.stm32cube.ide.mcu.externaltools.gnu-tools-for-stm32.9-2020-q2-update.win32_2.0.0.202105311346/tools/bin/../lib/gcc/arm-none-eabi/9.3.1/../../../../arm-none-eabi/lib/thumb/v7e-m+fp/hard\libnosys.a
END GROUP
START GROUP
LOAD c:/st/stm32cubeide_1.4.0/stm32cubeide/plugins/com.st.stm32cube.ide.mcu.externaltools.gnu-tools-for-stm32.9-2020-q2-update.win32_2.0.0.202105311346/tools/bin/../lib/gcc/arm-none-eabi/9.3.1/thumb/v7e-m+fp/hard\libgcc.a
LOAD c:/st/stm32cubeide_1.4.0/stm32cubeide/plugins/com.st.stm32cube.ide.mcu.externaltools.gnu-tools-for-stm32.9-2020-q2-update.win32_2.0.0.202105311346/tools/bin/../lib/gcc/arm-none-eabi/9.3.1/../../../../arm-none-eabi/lib/thumb/v7e-m+fp/hard\libc_nano.a
LOAD c:/st/stm32cubeide_1.4.0/stm32cubeide/plugins/com.st.stm32cube.ide.mcu.externaltools.gnu-tools-for-stm32.9-2020-q2-update.win32_2.0.0.202105311346/tools/bin/../lib/gcc/arm-none-eabi/9.3.1/../../../../arm-none-eabi/lib/thumb/v7e-m+fp/hard\libnosys.a
END GROUP
LOAD c:/st/stm32cubeide_1.4.0/stm32cubeide/plugins/com.st.stm32cube.ide.mcu.externaltools.gnu-tools-for-stm32.9-2020-q2-update.win32_2.0.0.202105311346/tools/bin/../lib/gcc/arm-none-eabi/9.3.1/thumb/v7e-m+fp/hard/crtend.o
LOAD c:/st/stm32cubeide_1.4.0/stm32cubeide/plugins/com.st.stm32cube.ide.mcu.externaltools.gnu-tools-for-stm32.9-2020-q2-update.win32_2.0.0.202105311346/tools/bin/../lib/gcc/arm-none-eabi/9.3.1/thumb/v7e-m+fp/hard/crtn.o
                0x0000000020018000                _estack = (ORIGIN (RAM) + LENGTH (RAM))
                0x0000000000000200                _Min_Heap_Size = 0x200
                0x0000000000000400                _Min_Stack_Size = 0x400

.isr_vector     0x0000000008000000      0x194
                0x0000000008000000                . = ALIGN (0x4)
 *(.isr_vector)
 .isr_vector    0x0000000008000000      0x194 ./Core/Startup/startup_stm32f401retx.o
                0x0000000008000000                g_pfnVectors
                0x0000000008000194                . = ALIGN (0x4)

.text           0x0000000008000194     0x19c0
                0x0000000008000194                . = ALIGN (0x4)
 *(.text)
 .text          0x0000000008000194       0x40 c:/st/stm32cubeide_1.4.0/stm32cubeide/plugins/com.st.stm32cube.ide.mcu.externaltools.gnu-tools-for-stm32.9-2020-q2-update.win32_2.0.0.202105311346/tools/bin/../lib/gcc/arm-none-eabi/9.3.1/thumb/v7e-m+fp/hard/crtbegin.o
 .text          0x00000000080001d4      0x378 c:/st/stm32cubeide_1.4.0/stm32cubeide/plugins/com.st.stm32cube.ide.mcu.externaltools.gnu-tools-for-stm32.9-2020-q2-update.win32_2.0.0.202105311346/tools/bin/../lib/gcc/arm-none-eabi/9.3.1/thumb/v7e-m+fp/hard\libgcc.a(_arm_addsubdf3.o)
                0x00000000080001d4                __aeabi_drsub
                0x00000000080001dc                __aeabi_dsub
                0x00000000080001dc                __subdf3
                0x00000000080001e0                __aeabi_dadd
                0x00000000080001e0                __adddf3
                0x0000000008000458                __floatunsidf
                0x0000000008000458                __aeabi_ui2d
                0x0000000008000478                __floatsidf
                0x0000000008000478                __aeabi_i2d
                0x000000000800049c                __aeabi_f2d
                0x000000000800049c                __extendsfdf2
                0x00000000080004e0                __floatundidf
                0x00000000080004e0                __aeabi_ul2d
                0x00000000080004f0                __floatdidf
                0x00000000080004f0                __aeabi_l2d
 .text          0x000000000800054c       0x40 c:/st/stm32cubeide_1.4.0/stm32cubeide/plugins/com.st.stm32cube.ide.mcu.externaltools.gnu-tools-for-stm32.9-2020-q2-update.win32_2.0.0.202105311346/tools/bin/../lib/gcc/arm-none-eabi/9.3.1/thumb/v7e-m+fp/hard\libgcc.a(_arm_fixunsdfsi.o)
                0x000000000800054c                __aeabi_d2uiz
                0x000000000800054c                __fixunsdfsi
 *(.text*)
 .text.__NVIC_EnableIRQ
                0x000000000800058c       0x3c ./Core/Src/main.o
 .text.main     0x00000000080005c8      0x170 ./Core/Src/main.o
                0x00000000080005c8                main
 .text.PrintResetSource
                0x0000000008000738       0xd0 ./Core/Src/main.o
                0x0000000008000738                PrintResetSource
 .text.GPIOConfig
                0x0000000008000808       0x44 ./Core/Src/main.o
                0x0000000008000808                GPIOConfig
 .text.USART2Config
                0x000000000800084c       0x54 ./Core/Src/main.o
                0x000000000800084c                USART2Config
 .text.DMA1Config
                0x00000000080008a0       0x6c ./Core/Src/main.o
                0x00000000080008a0                DMA1Config
 .text.USART2_IRQHandler
                0x000000000800090c       0x54 ./Core/Src/main.o
                0x000000000800090c                USART2_IRQHandler
 .text.DMA1_Stream6_IRQHandler
                0x0000000008000960       0x24 ./Core/Src/main.o
                0x0000000008000960                DMA1_Stream6_IRQHandler
 .text.DMA1_Stream5_IRQHandler
                0x0000000008000984       0x48 ./Core/Src/main.o
                0x0000000008000984                DMA1_Stream5_IRQHandler
 .text.SystemInit
                0x00000000080009cc       0x24 ./Core/Src/system_stm32f4xx.o
                0x00000000080009cc                SystemInit
 .text.Reset_Handler
                0x00000000080009f0       0x50 ./Core/Startup/startup_stm32f401retx.o
                0x00000000080009f0                Reset_Handler
 .text.Default_Handler
                0x0000000008000a40        0x2 ./Core/Startup/startup_stm32f401retx.o
                0x0000000008000a40                RTC_Alarm_IRQHandler
                0x0000000008000a40                EXTI2_IRQHandler
                0x0000000008000a40                DebugMon_Handler
                0x0000000008000a40                SPI4_IRQHandler
                0x0000000008000a40                TIM1_CC_IRQHandler
                0x0000000008000a40                DMA2_Stream5_IRQHandler
                0x0000000008000a40                HardFault_Handler
                0x0000000008000a40                SysTick_Handler
                0x0000000008000a40                PVD_IRQHandler
                0x0000000008000a40                SDIO_IRQHandler
                0x0000000008000a40                TAMP_STAMP_IRQHandler
                0x0000000008000a40                PendSV_Handler
                0x0000000008000a40                NMI_Handler
                0x0000000008000a40                EXTI3_IRQHandler
                0x0000000008000a40                TIM1_UP_TIM10_IRQHandler
                0x0000000008000a40                I2C3_ER_IRQHandler
                0x0000000008000a40                EXTI0_IRQHandler
                0x0000000008000a40                I2C2_EV_IRQHandler
                0x0000000008000a40                DMA1_Stream2_IRQHandler
                0x0000000008000a40                FPU_IRQHandler
                0x0000000008000a40                UsageFault_Handler
                0x0000000008000a40                DMA2_Stream2_IRQHandler
                0x0000000008000a40                SPI1_IRQHandler
                0x0000000008000a40                TIM1_BRK_TIM9_IRQHandler
                0x0000000008000a40                DMA2_Stream3_IRQHandler
                0x0000000008000a40                USART6_IRQHandler
                0x0000000008000a40                DMA2_Stream0_IRQHandler
                0x0000000008000a40                TIM4_IRQHandler
                0x0000000008000a40                I2C1_EV_IRQHandler
                0x0000000008000a40                DMA1_Stream1_IRQHandler
                0x0000000008000a40                TIM3_IRQHandler
                0x0000000008000a40                RCC_IRQHandler
                0x0000000008000a40                Default_Handler
                0x0000000008000a40                EXTI15_10_IRQHandler
                0x0000000008000a40                ADC_IRQHandler
                0x0000000008000a40                DMA1_Stream7_IRQHandler
                0x0000000008000a40                TIM5_IRQHandler
                0x0000000008000a40                DMA2_Stream7_IRQHandler
                0x0000000008000a40                I2C3_EV_IRQHandler
                0x0000000008000a40                EXTI9_5_IRQHandler
                0x0000000008000a40                RTC_WKUP_IRQHandler
                0x0000000008000a40                SPI2_IRQHandler
                0x0000000008000a40                MemManage_Handler
                0x0000000008000a40                DMA1_Stream0_IRQHandler
                0x0000000008000a40                SVC_Handler
                0x0000000008000a40                EXTI4_IRQHandler
                0x0000000008000a40                WWDG_IRQHandler
                0x0000000008000a40                TIM2_IRQHandler
                0x0000000008000a40                OTG_FS_WKUP_IRQHandler
                0x0000000008000a40                TIM1_TRG_COM_TIM11_IRQHandler
                0x0000000008000a40                EXTI1_IRQHandler
                0x0000000008000a40                I2C2_ER_IRQHandler
                0x0000000008000a40                DMA2_Stream1_IRQHandler
                0x0000000008000a40                FLASH_IRQHandler
                0x0000000008000a40                DMA2_Stream4_IRQHandler
                0x0000000008000a40                BusFault_Handler
                0x0000000008000a40                USART1_IRQHandler
                0x0000000008000a40                OTG_FS_IRQHandler
                0x0000000008000a40                SPI3_IRQHandler
                0x0000000008000a40                DMA1_Stream4_IRQHandler
                0x0000000008000a40                I2C1_ER_IRQHandler
                0x0000000008000a40                DMA2_Stream6_IRQHandler
                0x0000000008000a40                DMA1_Stream3_IRQHandler
 *fill*         0x0000000008000a42        0x2 
 .text.DMA_ClockEnable
                0x0000000008000a44       0x4c ./Core/mydrivers/Src/stm32f401xe_dma.o
                0x0000000008000a44                DMA_ClockEnable
 .text.DMA_GetStreamNumber
                0x0000000008000a90      0x120 ./Core/mydrivers/Src/stm32f401xe_dma.o
 .text.DMA_ClearAllStreamFlags
                0x0000000008000bb0       0x90 ./Core/mydrivers/Src/stm32f401xe_dma.o
 .text.DMA_EnableDoubleBufferMode
                0x0000000008000c40       0x20 ./Core/mydrivers/Src/stm32f401xe_dma.o
                0x0000000008000c40                DMA_EnableDoubleBufferMode
 .text.DMA_WriteAdresses
                0x0000000008000c60       0x2c ./Core/mydrivers/Src/stm32f401xe_dma.o
                0x0000000008000c60                DMA_WriteAdresses
 .text.DMA_StreamInit
                0x0000000008000c8c      0x13e ./Core/mydrivers/Src/stm32f401xe_dma.o
                0x0000000008000c8c                DMA_StreamInit
 *fill*         0x0000000008000dca        0x2 
 .text.GPIO_ClockEnable
                0x0000000008000dcc       0xb8 ./Core/mydrivers/Src/stm32f401xe_gpio.o
 .text.GPIO_InitPin
                0x0000000008000e84      0x31c ./Core/mydrivers/Src/stm32f401xe_gpio.o
                0x0000000008000e84                GPIO_InitPin
 .text.GPIO_TogglePin
                0x00000000080011a0       0x2a ./Core/mydrivers/Src/stm32f401xe_gpio.o
                0x00000000080011a0                GPIO_TogglePin
 *fill*         0x00000000080011ca        0x2 
 .text.IWDG_StartWatchdog
                0x00000000080011cc       0x1c ./Core/mydrivers/Src/stm32f401xe_iwdg.o
                0x00000000080011cc                IWDG_StartWatchdog
 .text.IWDG_ReloadWatchdog
                0x00000000080011e8       0x1c ./Core/mydrivers/Src/stm32f401xe_iwdg.o
                0x00000000080011e8                IWDG_ReloadWatchdog
 .text.RCC_CalculatePllclk
                0x0000000008001204       0x60 ./Core/mydrivers/Src/stm32f401xe_rcc.o
 .text.RCC_GetApbPrescaler
                0x0000000008001264       0x68 ./Core/mydrivers/Src/stm32f401xe_rcc.o
 .text.RCC_GetAhbPrescaler
                0x00000000080012cc       0xa4 ./Core/mydrivers/Src/stm32f401xe_rcc.o
 .text.RCC_GetSysclk
                0x0000000008001370       0x5c ./Core/mydrivers/Src/stm32f401xe_rcc.o
                0x0000000008001370                RCC_GetSysclk
 .text.RCC_GetHclk
                0x00000000080013cc       0x38 ./Core/mydrivers/Src/stm32f401xe_rcc.o
                0x00000000080013cc                RCC_GetHclk
 .text.RCC_GetPclk
                0x0000000008001404       0x64 ./Core/mydrivers/Src/stm32f401xe_rcc.o
                0x0000000008001404                RCC_GetPclk
 .text.RCC_GetClockFrequencies
                0x0000000008001468       0x3c ./Core/mydrivers/Src/stm32f401xe_rcc.o
                0x0000000008001468                RCC_GetClockFrequencies
 .text.__NVIC_EnableIRQ
                0x00000000080014a4       0x3c ./Core/mydrivers/Src/stm32f401xe_usart.o
 .text.USART_ClockEnable
                0x00000000080014e0       0x6c ./Core/mydrivers/Src/stm32f401xe_usart.o
 .text.USART_InitGpioPins
                0x000000000800154c       0x70 ./Core/mydrivers/Src/stm32f401xe_usart.o
 .text.USART_SetBaudRate
                0x00000000080015bc      0x124 ./Core/mydrivers/Src/stm32f401xe_usart.o
                0x00000000080015bc                USART_SetBaudRate
 .text.USART_EnableIRQs
                0x00000000080016e0       0x60 ./Core/mydrivers/Src/stm32f401xe_usart.o
                0x00000000080016e0                USART_EnableIRQs
 .text.USART_SetBasicParameters
                0x0000000008001740       0xa0 ./Core/mydrivers/Src/stm32f401xe_usart.o
                0x0000000008001740                USART_SetBasicParameters
 .text.USART_ConfigureReceiveDMA
                0x00000000080017e0       0x68 ./Core/mydrivers/Src/stm32f401xe_usart.o
                0x00000000080017e0                USART_ConfigureReceiveDMA
 .text.USART_ReceiveDMAStart
                0x0000000008001848       0x5c ./Core/mydrivers/Src/stm32f401xe_usart.o
                0x0000000008001848                USART_ReceiveDMAStart
 .text.USART_DMAReceiveDoneCallback
                0x00000000080018a4       0x2a ./Core/mydrivers/Src/stm32f401xe_usart.o
                0x00000000080018a4                USART_DMAReceiveDoneCallback
 .text.USART_Transmit
                0x00000000080018ce       0x9e ./Core/mydrivers/Src/stm32f401xe_usart.o
                0x00000000080018ce                USART_Transmit
 .text.USART_ConfigureTransmitDMA
                0x000000000800196c       0x5c ./Core/mydrivers/Src/stm32f401xe_usart.o
                0x000000000800196c                USART_ConfigureTransmitDMA
 .text.USART_TransmitDMAStart
                0x00000000080019c8       0x66 ./Core/mydrivers/Src/stm32f401xe_usart.o
                0x00000000080019c8                USART_TransmitDMAStart
 .text.USART_DMATransmitDoneCallback
                0x0000000008001a2e       0x2a ./Core/mydrivers/Src/stm32f401xe_usart.o
                0x0000000008001a2e                USART_DMATransmitDoneCallback
 .text.__libc_init_array
                0x0000000008001a58       0x48 c:/st/stm32cubeide_1.4.0/stm32cubeide/plugins/com.st.stm32cube.ide.mcu.externaltools.gnu-tools-for-stm32.9-2020-q2-update.win32_2.0.0.202105311346/tools/bin/../lib/gcc/arm-none-eabi/9.3.1/../../../../arm-none-eabi/lib/thumb/v7e-m+fp/hard\libc_nano.a(lib_a-init.o)
                0x0000000008001a58                __libc_init_array
 .text.memset   0x0000000008001aa0       0x10 c:/st/stm32cubeide_1.4.0/stm32cubeide/plugins/com.st.stm32cube.ide.mcu.externaltools.gnu-tools-for-stm32.9-2020-q2-update.win32_2.0.0.202105311346/tools/bin/../lib/gcc/arm-none-eabi/9.3.1/../../../../arm-none-eabi/lib/thumb/v7e-m+fp/hard\libc_nano.a(lib_a-memset.o)
                0x0000000008001aa0                memset
 .text.round    0x0000000008001ab0       0x8c c:/st/stm32cubeide_1.4.0/stm32cubeide/plugins/com.st.stm32cube.ide.mcu.externaltools.gnu-tools-for-stm32.9-2020-q2-update.win32_2.0.0.202105311346/tools/bin/../lib/gcc/arm-none-eabi/9.3.1/../../../../arm-none-eabi/lib/thumb/v7e-m+fp/hard\libm.a(lib_a-s_round.o)
                0x0000000008001ab0                round
 *(.glue_7)
 .glue_7        0x0000000008001b3c        0x0 linker stubs
 *(.glue_7t)
 .glue_7t       0x0000000008001b3c        0x0 linker stubs
 *(.eh_frame)
 .eh_frame      0x0000000008001b3c        0x0 c:/st/stm32cubeide_1.4.0/stm32cubeide/plugins/com.st.stm32cube.ide.mcu.externaltools.gnu-tools-for-stm32.9-2020-q2-update.win32_2.0.0.202105311346/tools/bin/../lib/gcc/arm-none-eabi/9.3.1/thumb/v7e-m+fp/hard/crtbegin.o
 *(.init)
 .init          0x0000000008001b3c        0x4 c:/st/stm32cubeide_1.4.0/stm32cubeide/plugins/com.st.stm32cube.ide.mcu.externaltools.gnu-tools-for-stm32.9-2020-q2-update.win32_2.0.0.202105311346/tools/bin/../lib/gcc/arm-none-eabi/9.3.1/thumb/v7e-m+fp/hard/crti.o
                0x0000000008001b3c                _init
 .init          0x0000000008001b40        0x8 c:/st/stm32cubeide_1.4.0/stm32cubeide/plugins/com.st.stm32cube.ide.mcu.externaltools.gnu-tools-for-stm32.9-2020-q2-update.win32_2.0.0.202105311346/tools/bin/../lib/gcc/arm-none-eabi/9.3.1/thumb/v7e-m+fp/hard/crtn.o
 *(.fini)
 .fini          0x0000000008001b48        0x4 c:/st/stm32cubeide_1.4.0/stm32cubeide/plugins/com.st.stm32cube.ide.mcu.externaltools.gnu-tools-for-stm32.9-2020-q2-update.win32_2.0.0.202105311346/tools/bin/../lib/gcc/arm-none-eabi/9.3.1/thumb/v7e-m+fp/hard/crti.o
                0x0000000008001b48                _fini
 .fini          0x0000000008001b4c        0x8 c:/st/stm32cubeide_1.4.0/stm32cubeide/plugins/com.st.stm32cube.ide.mcu.externaltools.gnu-tools-for-stm32.9-2020-q2-update.win32_2.0.0.202105311346/tools/bin/../lib/gcc/arm-none-eabi/9.3.1/thumb/v7e-m+fp/hard/crtn.o
                0x0000000008001b54                . = ALIGN (0x4)
                0x0000000008001b54                _etext = .

.vfp11_veneer   0x0000000008001b54        0x0
 .vfp11_veneer  0x0000000008001b54        0x0 linker stubs

.v4_bx          0x0000000008001b54        0x0
 .v4_bx         0x0000000008001b54        0x0 linker stubs

.iplt           0x0000000008001b54        0x0
 .iplt          0x0000000008001b54        0x0 c:/st/stm32cubeide_1.4.0/stm32cubeide/plugins/com.st.stm32cube.ide.mcu.externaltools.gnu-tools-for-stm32.9-2020-q2-update.win32_2.0.0.202105311346/tools/bin/../lib/gcc/arm-none-eabi/9.3.1/thumb/v7e-m+fp/hard/crtbegin.o

.rodata         0x0000000008001b54       0xd0
                0x0000000008001b54                . = ALIGN (0x4)
 *(.rodata)
 .rodata        0x0000000008001b54       0xcd ./Core/Src/main.o
 *(.rodata*)
                0x0000000008001c24                . = ALIGN (0x4)
 *fill*         0x0000000008001c21        0x3 

.rel.dyn        0x0000000008001c24        0x0
 .rel.iplt      0x0000000008001c24        0x0 c:/st/stm32cubeide_1.4.0/stm32cubeide/plugins/com.st.stm32cube.ide.mcu.externaltools.gnu-tools-for-stm32.9-2020-q2-update.win32_2.0.0.202105311346/tools/bin/../lib/gcc/arm-none-eabi/9.3.1/thumb/v7e-m+fp/hard/crtbegin.o

.ARM.extab      0x0000000008001c24        0x0
                0x0000000008001c24                . = ALIGN (0x4)
 *(.ARM.extab* .gnu.linkonce.armextab.*)
                0x0000000008001c24                . = ALIGN (0x4)

.ARM            0x0000000008001c24        0x0
                0x0000000008001c24                . = ALIGN (0x4)
                0x0000000008001c24                __exidx_start = .
 *(.ARM.exidx*)
                0x0000000008001c24                __exidx_end = .
                0x0000000008001c24                . = ALIGN (0x4)

.preinit_array  0x0000000008001c24        0x0
                0x0000000008001c24                . = ALIGN (0x4)
                0x0000000008001c24                PROVIDE (__preinit_array_start = .)
 *(.preinit_array*)
                0x0000000008001c24                PROVIDE (__preinit_array_end = .)
                0x0000000008001c24                . = ALIGN (0x4)

.init_array     0x0000000008001c24        0x4
                0x0000000008001c24                . = ALIGN (0x4)
                0x0000000008001c24                PROVIDE (__init_array_start = .)
 *(SORT_BY_NAME(.init_array.*))
 *(.init_array*)
 .init_array    0x0000000008001c24        0x4 c:/st/stm32cubeide_1.4.0/stm32cubeide/plugins/com.st.stm32cube.ide.mcu.externaltools.gnu-tools-for-stm32.9-2020-q2-update.win32_2.0.0.202105311346/tools/bin/../lib/gcc/arm-none-eabi/9.3.1/thumb/v7e-m+fp/hard/crtbegin.o
                0x0000000008001c28                PROVIDE (__init_array_end = .)
                0x0000000008001c28                . = ALIGN (0x4)

.fini_array     0x0000000008001c28        0x4
                0x0000000008001c28                . = ALIGN (0x4)
                [!provide]                        PROVIDE (__fini_array_start = .)
 *(SORT_BY_NAME(.fini_array.*))
 *(.fini_array*)
 .fini_array    0x0000000008001c28        0x4 c:/st/stm32cubeide_1.4.0/stm32cubeide/plugins/com.st.stm32cube.ide.mcu.externaltools.gnu-tools-for-stm32.9-2020-q2-update.win32_2.0.0.202105311346/tools/bin/../lib/gcc/arm-none-eabi/9.3.1/thumb/v7e-m+fp/hard/crtbegin.o
                [!provide]                        PROVIDE (__fini_array_end = .)
                0x0000000008001c2c                . = ALIGN (0x4)
                0x0000000008001c2c                _sidata = LOADADDR (.data)

.data           0x0000000020000000        0x0 load address 0x0000000008001c2c
                0x0000000020000000                . = ALIGN (0x4)
                0x0000000020000000                _sdata = .
 *(.data)
 *(.data*)
 *(.RamFunc)
 *(.RamFunc*)
                0x0000000020000000                . = ALIGN (0x4)
                0x0000000020000000                _edata = .

.igot.plt       0x0000000020000000        0x0 load address 0x0000000008001c2c
 .igot.plt      0x0000000020000000        0x0 c:/st/stm32cubeide_1.4.0/stm32cubeide/plugins/com.st.stm32cube.ide.mcu.externaltools.gnu-tools-for-stm32.9-2020-q2-update.win32_2.0.0.202105311346/tools/bin/../lib/gcc/arm-none-eabi/9.3.1/thumb/v7e-m+fp/hard/crtbegin.o
                0x0000000020000000                . = ALIGN (0x4)

.bss            0x0000000020000000       0x5c load address 0x0000000008001c2c
                0x0000000020000000                _sbss = .
                0x0000000020000000                __bss_start__ = _sbss
 *(.bss)
 .bss           0x0000000020000000       0x1c c:/st/stm32cubeide_1.4.0/stm32cubeide/plugins/com.st.stm32cube.ide.mcu.externaltools.gnu-tools-for-stm32.9-2020-q2-update.win32_2.0.0.202105311346/tools/bin/../lib/gcc/arm-none-eabi/9.3.1/thumb/v7e-m+fp/hard/crtbegin.o
 *(.bss*)
 *(COMMON)
 COMMON         0x000000002000001c       0x3e ./Core/Src/main.o
                0x000000002000001c                SendBuffer1Flag
                0x0000000020000020                p_usart2
                0x0000000020000030                IdleFlag
                0x0000000020000034                p_dma1
                0x0000000020000058                SendBuffer0Flag
                0x0000000020000059                ErrorFlag
                0x000000002000005c                . = ALIGN (0x4)
 *fill*         0x000000002000005a        0x2 
                0x000000002000005c                _ebss = .
                0x000000002000005c                __bss_end__ = _ebss

._user_heap_stack
                0x000000002000005c      0x604 load address 0x0000000008001c2c
                0x0000000020000060                . = ALIGN (0x8)
 *fill*         0x000000002000005c        0x4 
                [!provide]                        PROVIDE (end = .)
                0x0000000020000060                PROVIDE (_end = .)
                0x0000000020000260                . = (. + _Min_Heap_Size)
 *fill*         0x0000000020000060      0x200 
                0x0000000020000660                . = (. + _Min_Stack_Size)
 *fill*         0x0000000020000260      0x400 
                0x0000000020000660                . = ALIGN (0x8)

/DISCARD/
 libc.a(*)
 libm.a(*)
 libgcc.a(*)

.ARM.attributes
                0x0000000000000000       0x30
 *(.ARM.attributes)
 .ARM.attributes
                0x0000000000000000       0x1e c:/st/stm32cubeide_1.4.0/stm32cubeide/plugins/com.st.stm32cube.ide.mcu.externaltools.gnu-tools-for-stm32.9-2020-q2-update.win32_2.0.0.202105311346/tools/bin/../lib/gcc/arm-none-eabi/9.3.1/thumb/v7e-m+fp/hard/crti.o
 .ARM.attributes
                0x000000000000001e       0x34 c:/st/stm32cubeide_1.4.0/stm32cubeide/plugins/com.st.stm32cube.ide.mcu.externaltools.gnu-tools-for-stm32.9-2020-q2-update.win32_2.0.0.202105311346/tools/bin/../lib/gcc/arm-none-eabi/9.3.1/thumb/v7e-m+fp/hard/crtbegin.o
 .ARM.attributes
                0x0000000000000052       0x34 ./Core/Src/main.o
 .ARM.attributes
                0x0000000000000086       0x34 ./Core/Src/system_stm32f4xx.o
 .ARM.attributes
                0x00000000000000ba       0x21 ./Core/Startup/startup_stm32f401retx.o
 .ARM.attributes
                0x00000000000000db       0x34 ./Core/mydrivers/Src/stm32f401xe_dma.o
 .ARM.attributes
                0x000000000000010f       0x34 ./Core/mydrivers/Src/stm32f401xe_gpio.o
 .ARM.attributes
                0x0000000000000143       0x34 ./Core/mydrivers/Src/stm32f401xe_iwdg.o
 .ARM.attributes
                0x0000000000000177       0x34 ./Core/mydrivers/Src/stm32f401xe_rcc.o
 .ARM.attributes
                0x00000000000001ab       0x34 ./Core/mydrivers/Src/stm32f401xe_usart.o
 .ARM.attributes
                0x00000000000001df       0x34 c:/st/stm32cubeide_1.4.0/stm32cubeide/plugins/com.st.stm32cube.ide.mcu.externaltools.gnu-tools-for-stm32.9-2020-q2-update.win32_2.0.0.202105311346/tools/bin/../lib/gcc/arm-none-eabi/9.3.1/../../../../arm-none-eabi/lib/thumb/v7e-m+fp/hard\libc_nano.a(lib_a-init.o)
 .ARM.attributes
                0x0000000000000213       0x34 c:/st/stm32cubeide_1.4.0/stm32cubeide/plugins/com.st.stm32cube.ide.mcu.externaltools.gnu-tools-for-stm32.9-2020-q2-update.win32_2.0.0.202105311346/tools/bin/../lib/gcc/arm-none-eabi/9.3.1/../../../../arm-none-eabi/lib/thumb/v7e-m+fp/hard\libc_nano.a(lib_a-memset.o)
 .ARM.attributes
                0x0000000000000247       0x34 c:/st/stm32cubeide_1.4.0/stm32cubeide/plugins/com.st.stm32cube.ide.mcu.externaltools.gnu-tools-for-stm32.9-2020-q2-update.win32_2.0.0.202105311346/tools/bin/../lib/gcc/arm-none-eabi/9.3.1/../../../../arm-none-eabi/lib/thumb/v7e-m+fp/hard\libm.a(lib_a-s_round.o)
 .ARM.attributes
                0x000000000000027b       0x1e c:/st/stm32cubeide_1.4.0/stm32cubeide/plugins/com.st.stm32cube.ide.mcu.externaltools.gnu-tools-for-stm32.9-2020-q2-update.win32_2.0.0.202105311346/tools/bin/../lib/gcc/arm-none-eabi/9.3.1/thumb/v7e-m+fp/hard\libgcc.a(_arm_addsubdf3.o)
 .ARM.attributes
                0x0000000000000299       0x1e c:/st/stm32cubeide_1.4.0/stm32cubeide/plugins/com.st.stm32cube.ide.mcu.externaltools.gnu-tools-for-stm32.9-2020-q2-update.win32_2.0.0.202105311346/tools/bin/../lib/gcc/arm-none-eabi/9.3.1/thumb/v7e-m+fp/hard\libgcc.a(_arm_fixunsdfsi.o)
 .ARM.attributes
                0x00000000000002b7       0x1e c:/st/stm32cubeide_1.4.0/stm32cubeide/plugins/com.st.stm32cube.ide.mcu.externaltools.gnu-tools-for-stm32.9-2020-q2-update.win32_2.0.0.202105311346/tools/bin/../lib/gcc/arm-none-eabi/9.3.1/thumb/v7e-m+fp/hard/crtn.o
OUTPUT(cmsis_drivers.elf elf32-littlearm)
LOAD linker stubs
LOAD c:/st/stm32cubeide_1.4.0/stm32cubeide/plugins/com.st.stm32cube.ide.mcu.externaltools.gnu-tools-for-stm32.9-2020-q2-update.win32_2.0.0.202105311346/tools/bin/../lib/gcc/arm-none-eabi/9.3.1/../../../../arm-none-eabi/lib/thumb/v7e-m+fp/hard\libc.a
LOAD c:/st/stm32cubeide_1.4.0/stm32cubeide/plugins/com.st.stm32cube.ide.mcu.externaltools.gnu-tools-for-stm32.9-2020-q2-update.win32_2.0.0.202105311346/tools/bin/../lib/gcc/arm-none-eabi/9.3.1/../../../../arm-none-eabi/lib/thumb/v7e-m+fp/hard\libm.a
LOAD c:/st/stm32cubeide_1.4.0/stm32cubeide/plugins/com.st.stm32cube.ide.mcu.externaltools.gnu-tools-for-stm32.9-2020-q2-update.win32_2.0.0.202105311346/tools/bin/../lib/gcc/arm-none-eabi/9.3.1/thumb/v7e-m+fp/hard\libgcc.a

.debug_info     0x0000000000000000     0x4edb
 .debug_info    0x0000000000000000     0x17a5 ./Core/Src/main.o
 .debug_info    0x00000000000017a5      0x572 ./Core/Src/system_stm32f4xx.o
 .debug_info    0x0000000000001d17       0x22 ./Core/Startup/startup_stm32f401retx.o
 .debug_info    0x0000000000001d39      0x821 ./Core/mydrivers/Src/stm32f401xe_dma.o
 .debug_info    0x000000000000255a      0x78e ./Core/mydrivers/Src/stm32f401xe_gpio.o
 .debug_info    0x0000000000002ce8      0x3f5 ./Core/mydrivers/Src/stm32f401xe_iwdg.o
 .debug_info    0x00000000000030dd      0x6df ./Core/mydrivers/Src/stm32f401xe_rcc.o
 .debug_info    0x00000000000037bc     0x171f ./Core/mydrivers/Src/stm32f401xe_usart.o

.debug_abbrev   0x0000000000000000      0xdee
 .debug_abbrev  0x0000000000000000      0x2ea ./Core/Src/main.o
 .debug_abbrev  0x00000000000002ea      0x129 ./Core/Src/system_stm32f4xx.o
 .debug_abbrev  0x0000000000000413       0x12 ./Core/Startup/startup_stm32f401retx.o
 .debug_abbrev  0x0000000000000425      0x1d5 ./Core/mydrivers/Src/stm32f401xe_dma.o
 .debug_abbrev  0x00000000000005fa      0x1d5 ./Core/mydrivers/Src/stm32f401xe_gpio.o
 .debug_abbrev  0x00000000000007cf      0x125 ./Core/mydrivers/Src/stm32f401xe_iwdg.o
 .debug_abbrev  0x00000000000008f4      0x1e1 ./Core/mydrivers/Src/stm32f401xe_rcc.o
 .debug_abbrev  0x0000000000000ad5      0x319 ./Core/mydrivers/Src/stm32f401xe_usart.o

.debug_aranges  0x0000000000000000      0x248
 .debug_aranges
                0x0000000000000000       0x60 ./Core/Src/main.o
 .debug_aranges
                0x0000000000000060       0x28 ./Core/Src/system_stm32f4xx.o
 .debug_aranges
                0x0000000000000088       0x28 ./Core/Startup/startup_stm32f401retx.o
 .debug_aranges
                0x00000000000000b0       0x48 ./Core/mydrivers/Src/stm32f401xe_dma.o
 .debug_aranges
                0x00000000000000f8       0x40 ./Core/mydrivers/Src/stm32f401xe_gpio.o
 .debug_aranges
                0x0000000000000138       0x30 ./Core/mydrivers/Src/stm32f401xe_iwdg.o
 .debug_aranges
                0x0000000000000168       0x58 ./Core/mydrivers/Src/stm32f401xe_rcc.o
 .debug_aranges
                0x00000000000001c0       0x88 ./Core/mydrivers/Src/stm32f401xe_usart.o

.debug_ranges   0x0000000000000000      0x1d0
 .debug_ranges  0x0000000000000000       0x50 ./Core/Src/main.o
 .debug_ranges  0x0000000000000050       0x18 ./Core/Src/system_stm32f4xx.o
 .debug_ranges  0x0000000000000068       0x20 ./Core/Startup/startup_stm32f401retx.o
 .debug_ranges  0x0000000000000088       0x38 ./Core/mydrivers/Src/stm32f401xe_dma.o
 .debug_ranges  0x00000000000000c0       0x30 ./Core/mydrivers/Src/stm32f401xe_gpio.o
 .debug_ranges  0x00000000000000f0       0x20 ./Core/mydrivers/Src/stm32f401xe_iwdg.o
 .debug_ranges  0x0000000000000110       0x48 ./Core/mydrivers/Src/stm32f401xe_rcc.o
 .debug_ranges  0x0000000000000158       0x78 ./Core/mydrivers/Src/stm32f401xe_usart.o

.debug_macro    0x0000000000000000     0xf7b6
 .debug_macro   0x0000000000000000      0x1e7 ./Core/Src/main.o
 .debug_macro   0x00000000000001e7      0xaa8 ./Core/Src/main.o
 .debug_macro   0x0000000000000c8f       0x22 ./Core/Src/main.o
 .debug_macro   0x0000000000000cb1       0x8e ./Core/Src/main.o
 .debug_macro   0x0000000000000d3f       0x51 ./Core/Src/main.o
 .debug_macro   0x0000000000000d90      0x103 ./Core/Src/main.o
 .debug_macro   0x0000000000000e93       0x6a ./Core/Src/main.o
 .debug_macro   0x0000000000000efd      0x1df ./Core/Src/main.o
 .debug_macro   0x00000000000010dc       0x52 ./Core/Src/main.o
 .debug_macro   0x000000000000112e       0x18 ./Core/Src/main.o
 .debug_macro   0x0000000000001146       0x3c ./Core/Src/main.o
 .debug_macro   0x0000000000001182       0x34 ./Core/Src/main.o
 .debug_macro   0x00000000000011b6      0x174 ./Core/Src/main.o
 .debug_macro   0x000000000000132a       0x16 ./Core/Src/main.o
 .debug_macro   0x0000000000001340       0x43 ./Core/Src/main.o
 .debug_macro   0x0000000000001383       0x34 ./Core/Src/main.o
 .debug_macro   0x00000000000013b7       0x10 ./Core/Src/main.o
 .debug_macro   0x00000000000013c7       0x58 ./Core/Src/main.o
 .debug_macro   0x000000000000141f       0x71 ./Core/Src/main.o
 .debug_macro   0x0000000000001490       0x1c ./Core/Src/main.o
 .debug_macro   0x00000000000014ac      0x12a ./Core/Src/main.o
 .debug_macro   0x00000000000015d6      0x339 ./Core/Src/main.o
 .debug_macro   0x000000000000190f       0x10 ./Core/Src/main.o
 .debug_macro   0x000000000000191f       0x35 ./Core/Src/main.o
 .debug_macro   0x0000000000001954       0x20 ./Core/Src/main.o
 .debug_macro   0x0000000000001974       0x28 ./Core/Src/main.o
 .debug_macro   0x000000000000199c       0x1c ./Core/Src/main.o
 .debug_macro   0x00000000000019b8       0x22 ./Core/Src/main.o
 .debug_macro   0x00000000000019da       0xd9 ./Core/Src/main.o
 .debug_macro   0x0000000000001ab3     0x102d ./Core/Src/main.o
 .debug_macro   0x0000000000002ae0      0x11f ./Core/Src/main.o
 .debug_macro   0x0000000000002bff     0xb86c ./Core/Src/main.o
 .debug_macro   0x000000000000e46b      0x13c ./Core/Src/main.o
 .debug_macro   0x000000000000e5a7      0x241 ./Core/Src/main.o
 .debug_macro   0x000000000000e7e8       0x1c ./Core/Src/main.o
 .debug_macro   0x000000000000e804       0x1c ./Core/Src/main.o
 .debug_macro   0x000000000000e820       0x2e ./Core/Src/main.o
 .debug_macro   0x000000000000e84e       0x6d ./Core/Src/main.o
 .debug_macro   0x000000000000e8bb       0xda ./Core/Src/system_stm32f4xx.o
 .debug_macro   0x000000000000e995       0xdf ./Core/Src/system_stm32f4xx.o
 .debug_macro   0x000000000000ea74       0xd2 ./Core/mydrivers/Src/stm32f401xe_dma.o
 .debug_macro   0x000000000000eb46       0xd7 ./Core/mydrivers/Src/stm32f401xe_gpio.o
 .debug_macro   0x000000000000ec1d      0x136 ./Core/mydrivers/Src/stm32f401xe_gpio.o
 .debug_macro   0x000000000000ed53       0xce ./Core/mydrivers/Src/stm32f401xe_iwdg.o
 .debug_macro   0x000000000000ee21       0x16 ./Core/mydrivers/Src/stm32f401xe_iwdg.o
 .debug_macro   0x000000000000ee37       0xce ./Core/mydrivers/Src/stm32f401xe_rcc.o
 .debug_macro   0x000000000000ef05      0x23b ./Core/mydrivers/Src/stm32f401xe_rcc.o
 .debug_macro   0x000000000000f140      0x19a ./Core/mydrivers/Src/stm32f401xe_usart.o
 .debug_macro   0x000000000000f2da      0x333 ./Core/mydrivers/Src/stm32f401xe_usart.o
 .debug_macro   0x000000000000f60d      0x1a9 ./Core/mydrivers/Src/stm32f401xe_usart.o

.debug_line     0x0000000000000000     0x3390
 .debug_line    0x0000000000000000      0x85e ./Core/Src/main.o
 .debug_line    0x000000000000085e      0x4f2 ./Core/Src/system_stm32f4xx.o
 .debug_line    0x0000000000000d50       0x88 ./Core/Startup/startup_stm32f401retx.o
 .debug_line    0x0000000000000dd8      0x6f6 ./Core/mydrivers/Src/stm32f401xe_dma.o
 .debug_line    0x00000000000014ce      0x799 ./Core/mydrivers/Src/stm32f401xe_gpio.o
 .debug_line    0x0000000000001c67      0x4e9 ./Core/mydrivers/Src/stm32f401xe_iwdg.o
 .debug_line    0x0000000000002150      0x7ac ./Core/mydrivers/Src/stm32f401xe_rcc.o
 .debug_line    0x00000000000028fc      0xa94 ./Core/mydrivers/Src/stm32f401xe_usart.o

.debug_str      0x0000000000000000    0x55813
 .debug_str     0x0000000000000000    0x547da ./Core/Src/main.o
                                      0x54a82 (size before relaxing)
 .debug_str     0x00000000000547da      0x102 ./Core/Src/system_stm32f4xx.o
                                      0x4f6c5 (size before relaxing)
 .debug_str     0x00000000000548dc       0x36 ./Core/Startup/startup_stm32f401retx.o
                                         0x5d (size before relaxing)
 .debug_str     0x0000000000054912       0xd6 ./Core/mydrivers/Src/stm32f401xe_dma.o
                                      0x5010a (size before relaxing)
 .debug_str     0x00000000000549e8       0xe5 ./Core/mydrivers/Src/stm32f401xe_gpio.o
                                      0x502b7 (size before relaxing)
 .debug_str     0x0000000000054acd      0x103 ./Core/mydrivers/Src/stm32f401xe_iwdg.o
                                      0x4f027 (size before relaxing)
 .debug_str     0x0000000000054bd0      0x1da ./Core/mydrivers/Src/stm32f401xe_rcc.o
                                      0x4feb0 (size before relaxing)
 .debug_str     0x0000000000054daa      0xa69 ./Core/mydrivers/Src/stm32f401xe_usart.o
                                      0x548ed (size before relaxing)

.comment        0x0000000000000000       0x53
 .comment       0x0000000000000000       0x53 ./Core/Src/main.o
                                         0x54 (size before relaxing)
 .comment       0x0000000000000053       0x54 ./Core/Src/system_stm32f4xx.o
 .comment       0x0000000000000053       0x54 ./Core/mydrivers/Src/stm32f401xe_dma.o
 .comment       0x0000000000000053       0x54 ./Core/mydrivers/Src/stm32f401xe_gpio.o
 .comment       0x0000000000000053       0x54 ./Core/mydrivers/Src/stm32f401xe_iwdg.o
 .comment       0x0000000000000053       0x54 ./Core/mydrivers/Src/stm32f401xe_rcc.o
 .comment       0x0000000000000053       0x54 ./Core/mydrivers/Src/stm32f401xe_usart.o

.debug_frame    0x0000000000000000      0x884
 .debug_frame   0x0000000000000000      0x138 ./Core/Src/main.o
 .debug_frame   0x0000000000000138       0x58 ./Core/Src/system_stm32f4xx.o
 .debug_frame   0x0000000000000190       0xfc ./Core/mydrivers/Src/stm32f401xe_dma.o
 .debug_frame   0x000000000000028c       0xd8 ./Core/mydrivers/Src/stm32f401xe_gpio.o
 .debug_frame   0x0000000000000364       0x78 ./Core/mydrivers/Src/stm32f401xe_iwdg.o
 .debug_frame   0x00000000000003dc      0x138 ./Core/mydrivers/Src/stm32f401xe_rcc.o
 .debug_frame   0x0000000000000514      0x228 ./Core/mydrivers/Src/stm32f401xe_usart.o
 .debug_frame   0x000000000000073c       0x2c c:/st/stm32cubeide_1.4.0/stm32cubeide/plugins/com.st.stm32cube.ide.mcu.externaltools.gnu-tools-for-stm32.9-2020-q2-update.win32_2.0.0.202105311346/tools/bin/../lib/gcc/arm-none-eabi/9.3.1/../../../../arm-none-eabi/lib/thumb/v7e-m+fp/hard\libc_nano.a(lib_a-init.o)
 .debug_frame   0x0000000000000768       0x20 c:/st/stm32cubeide_1.4.0/stm32cubeide/plugins/com.st.stm32cube.ide.mcu.externaltools.gnu-tools-for-stm32.9-2020-q2-update.win32_2.0.0.202105311346/tools/bin/../lib/gcc/arm-none-eabi/9.3.1/../../../../arm-none-eabi/lib/thumb/v7e-m+fp/hard\libc_nano.a(lib_a-memset.o)
 .debug_frame   0x0000000000000788       0x2c c:/st/stm32cubeide_1.4.0/stm32cubeide/plugins/com.st.stm32cube.ide.mcu.externaltools.gnu-tools-for-stm32.9-2020-q2-update.win32_2.0.0.202105311346/tools/bin/../lib/gcc/arm-none-eabi/9.3.1/../../../../arm-none-eabi/lib/thumb/v7e-m+fp/hard\libm.a(lib_a-s_round.o)
 .debug_frame   0x00000000000007b4       0xac c:/st/stm32cubeide_1.4.0/stm32cubeide/plugins/com.st.stm32cube.ide.mcu.externaltools.gnu-tools-for-stm32.9-2020-q2-update.win32_2.0.0.202105311346/tools/bin/../lib/gcc/arm-none-eabi/9.3.1/thumb/v7e-m+fp/hard\libgcc.a(_arm_addsubdf3.o)
 .debug_frame   0x0000000000000860       0x24 c:/st/stm32cubeide_1.4.0/stm32cubeide/plugins/com.st.stm32cube.ide.mcu.externaltools.gnu-tools-for-stm32.9-2020-q2-update.win32_2.0.0.202105311346/tools/bin/../lib/gcc/arm-none-eabi/9.3.1/thumb/v7e-m+fp/hard\libgcc.a(_arm_fixunsdfsi.o)
