Archive member included to satisfy reference by file (symbol)

d:/st/stm32cubeide_1.6.1/stm32cubeide/plugins/com.st.stm32cube.ide.mcu.externaltools.gnu-tools-for-stm32.9-2020-q2-update.win32_2.0.0.202105311346/tools/bin/../lib/gcc/arm-none-eabi/9.3.1/../../../../arm-none-eabi/lib/thumb/v7e-m+fp/hard\libc_nano.a(lib_a-errno.o)
                              ./Core/Src/syscalls.o (__errno)
d:/st/stm32cubeide_1.6.1/stm32cubeide/plugins/com.st.stm32cube.ide.mcu.externaltools.gnu-tools-for-stm32.9-2020-q2-update.win32_2.0.0.202105311346/tools/bin/../lib/gcc/arm-none-eabi/9.3.1/../../../../arm-none-eabi/lib/thumb/v7e-m+fp/hard\libc_nano.a(lib_a-exit.o)
                              d:/st/stm32cubeide_1.6.1/stm32cubeide/plugins/com.st.stm32cube.ide.mcu.externaltools.gnu-tools-for-stm32.9-2020-q2-update.win32_2.0.0.202105311346/tools/bin/../lib/gcc/arm-none-eabi/9.3.1/../../../../arm-none-eabi/lib/thumb/v7e-m+fp/hard/crt0.o (exit)
d:/st/stm32cubeide_1.6.1/stm32cubeide/plugins/com.st.stm32cube.ide.mcu.externaltools.gnu-tools-for-stm32.9-2020-q2-update.win32_2.0.0.202105311346/tools/bin/../lib/gcc/arm-none-eabi/9.3.1/../../../../arm-none-eabi/lib/thumb/v7e-m+fp/hard\libc_nano.a(lib_a-impure.o)
                              d:/st/stm32cubeide_1.6.1/stm32cubeide/plugins/com.st.stm32cube.ide.mcu.externaltools.gnu-tools-for-stm32.9-2020-q2-update.win32_2.0.0.202105311346/tools/bin/../lib/gcc/arm-none-eabi/9.3.1/../../../../arm-none-eabi/lib/thumb/v7e-m+fp/hard\libc_nano.a(lib_a-exit.o) (_global_impure_ptr)
d:/st/stm32cubeide_1.6.1/stm32cubeide/plugins/com.st.stm32cube.ide.mcu.externaltools.gnu-tools-for-stm32.9-2020-q2-update.win32_2.0.0.202105311346/tools/bin/../lib/gcc/arm-none-eabi/9.3.1/../../../../arm-none-eabi/lib/thumb/v7e-m+fp/hard\libc_nano.a(lib_a-init.o)
                              d:/st/stm32cubeide_1.6.1/stm32cubeide/plugins/com.st.stm32cube.ide.mcu.externaltools.gnu-tools-for-stm32.9-2020-q2-update.win32_2.0.0.202105311346/tools/bin/../lib/gcc/arm-none-eabi/9.3.1/../../../../arm-none-eabi/lib/thumb/v7e-m+fp/hard/crt0.o (__libc_init_array)
d:/st/stm32cubeide_1.6.1/stm32cubeide/plugins/com.st.stm32cube.ide.mcu.externaltools.gnu-tools-for-stm32.9-2020-q2-update.win32_2.0.0.202105311346/tools/bin/../lib/gcc/arm-none-eabi/9.3.1/../../../../arm-none-eabi/lib/thumb/v7e-m+fp/hard\libc_nano.a(lib_a-memset.o)
                              d:/st/stm32cubeide_1.6.1/stm32cubeide/plugins/com.st.stm32cube.ide.mcu.externaltools.gnu-tools-for-stm32.9-2020-q2-update.win32_2.0.0.202105311346/tools/bin/../lib/gcc/arm-none-eabi/9.3.1/../../../../arm-none-eabi/lib/thumb/v7e-m+fp/hard/crt0.o (memset)

Discarded input sections

 .text          0x0000000000000000        0x0 d:/st/stm32cubeide_1.6.1/stm32cubeide/plugins/com.st.stm32cube.ide.mcu.externaltools.gnu-tools-for-stm32.9-2020-q2-update.win32_2.0.0.202105311346/tools/bin/../lib/gcc/arm-none-eabi/9.3.1/thumb/v7e-m+fp/hard/crti.o
 .data          0x0000000000000000        0x0 d:/st/stm32cubeide_1.6.1/stm32cubeide/plugins/com.st.stm32cube.ide.mcu.externaltools.gnu-tools-for-stm32.9-2020-q2-update.win32_2.0.0.202105311346/tools/bin/../lib/gcc/arm-none-eabi/9.3.1/thumb/v7e-m+fp/hard/crti.o
 .bss           0x0000000000000000        0x0 d:/st/stm32cubeide_1.6.1/stm32cubeide/plugins/com.st.stm32cube.ide.mcu.externaltools.gnu-tools-for-stm32.9-2020-q2-update.win32_2.0.0.202105311346/tools/bin/../lib/gcc/arm-none-eabi/9.3.1/thumb/v7e-m+fp/hard/crti.o
 .data          0x0000000000000000        0x4 d:/st/stm32cubeide_1.6.1/stm32cubeide/plugins/com.st.stm32cube.ide.mcu.externaltools.gnu-tools-for-stm32.9-2020-q2-update.win32_2.0.0.202105311346/tools/bin/../lib/gcc/arm-none-eabi/9.3.1/thumb/v7e-m+fp/hard/crtbegin.o
 .text          0x0000000000000000       0x7c d:/st/stm32cubeide_1.6.1/stm32cubeide/plugins/com.st.stm32cube.ide.mcu.externaltools.gnu-tools-for-stm32.9-2020-q2-update.win32_2.0.0.202105311346/tools/bin/../lib/gcc/arm-none-eabi/9.3.1/../../../../arm-none-eabi/lib/thumb/v7e-m+fp/hard/crt0.o
 .data          0x0000000000000000        0x0 d:/st/stm32cubeide_1.6.1/stm32cubeide/plugins/com.st.stm32cube.ide.mcu.externaltools.gnu-tools-for-stm32.9-2020-q2-update.win32_2.0.0.202105311346/tools/bin/../lib/gcc/arm-none-eabi/9.3.1/../../../../arm-none-eabi/lib/thumb/v7e-m+fp/hard/crt0.o
 .bss           0x0000000000000000        0x0 d:/st/stm32cubeide_1.6.1/stm32cubeide/plugins/com.st.stm32cube.ide.mcu.externaltools.gnu-tools-for-stm32.9-2020-q2-update.win32_2.0.0.202105311346/tools/bin/../lib/gcc/arm-none-eabi/9.3.1/../../../../arm-none-eabi/lib/thumb/v7e-m+fp/hard/crt0.o
 .ARM.extab     0x0000000000000000        0x0 d:/st/stm32cubeide_1.6.1/stm32cubeide/plugins/com.st.stm32cube.ide.mcu.externaltools.gnu-tools-for-stm32.9-2020-q2-update.win32_2.0.0.202105311346/tools/bin/../lib/gcc/arm-none-eabi/9.3.1/../../../../arm-none-eabi/lib/thumb/v7e-m+fp/hard/crt0.o
 .ARM.exidx     0x0000000000000000       0x10 d:/st/stm32cubeide_1.6.1/stm32cubeide/plugins/com.st.stm32cube.ide.mcu.externaltools.gnu-tools-for-stm32.9-2020-q2-update.win32_2.0.0.202105311346/tools/bin/../lib/gcc/arm-none-eabi/9.3.1/../../../../arm-none-eabi/lib/thumb/v7e-m+fp/hard/crt0.o
 .ARM.attributes
                0x0000000000000000       0x1c d:/st/stm32cubeide_1.6.1/stm32cubeide/plugins/com.st.stm32cube.ide.mcu.externaltools.gnu-tools-for-stm32.9-2020-q2-update.win32_2.0.0.202105311346/tools/bin/../lib/gcc/arm-none-eabi/9.3.1/../../../../arm-none-eabi/lib/thumb/v7e-m+fp/hard/crt0.o
 .group         0x0000000000000000        0xc ./Core/Src/main.o
 .group         0x0000000000000000        0xc ./Core/Src/main.o
 .group         0x0000000000000000        0xc ./Core/Src/main.o
 .group         0x0000000000000000        0xc ./Core/Src/main.o
 .group         0x0000000000000000        0xc ./Core/Src/main.o
 .group         0x0000000000000000        0xc ./Core/Src/main.o
 .group         0x0000000000000000        0xc ./Core/Src/main.o
 .group         0x0000000000000000        0xc ./Core/Src/main.o
 .group         0x0000000000000000        0xc ./Core/Src/main.o
 .group         0x0000000000000000        0xc ./Core/Src/main.o
 .group         0x0000000000000000        0xc ./Core/Src/main.o
 .group         0x0000000000000000        0xc ./Core/Src/main.o
 .group         0x0000000000000000        0xc ./Core/Src/main.o
 .group         0x0000000000000000        0xc ./Core/Src/main.o
 .group         0x0000000000000000        0xc ./Core/Src/main.o
 .group         0x0000000000000000        0xc ./Core/Src/main.o
 .group         0x0000000000000000        0xc ./Core/Src/main.o
 .group         0x0000000000000000        0xc ./Core/Src/main.o
 .group         0x0000000000000000        0xc ./Core/Src/main.o
 .text          0x0000000000000000        0x0 ./Core/Src/main.o
 .data          0x0000000000000000        0x0 ./Core/Src/main.o
 .bss           0x0000000000000000        0x0 ./Core/Src/main.o
 .group         0x0000000000000000        0xc ./Core/Src/syscalls.o
 .group         0x0000000000000000        0xc ./Core/Src/syscalls.o
 .group         0x0000000000000000        0xc ./Core/Src/syscalls.o
 .group         0x0000000000000000        0xc ./Core/Src/syscalls.o
 .group         0x0000000000000000        0xc ./Core/Src/syscalls.o
 .group         0x0000000000000000        0xc ./Core/Src/syscalls.o
 .group         0x0000000000000000        0xc ./Core/Src/syscalls.o
 .group         0x0000000000000000        0xc ./Core/Src/syscalls.o
 .group         0x0000000000000000        0xc ./Core/Src/syscalls.o
 .group         0x0000000000000000        0xc ./Core/Src/syscalls.o
 .group         0x0000000000000000        0xc ./Core/Src/syscalls.o
 .group         0x0000000000000000        0xc ./Core/Src/syscalls.o
 .group         0x0000000000000000        0xc ./Core/Src/syscalls.o
 .group         0x0000000000000000        0xc ./Core/Src/syscalls.o
 .group         0x0000000000000000        0xc ./Core/Src/syscalls.o
 .group         0x0000000000000000        0xc ./Core/Src/syscalls.o
 .group         0x0000000000000000        0xc ./Core/Src/syscalls.o
 .group         0x0000000000000000        0xc ./Core/Src/syscalls.o
 .group         0x0000000000000000        0xc ./Core/Src/syscalls.o
 .group         0x0000000000000000        0xc ./Core/Src/syscalls.o
 .group         0x0000000000000000        0xc ./Core/Src/syscalls.o
 .group         0x0000000000000000        0xc ./Core/Src/syscalls.o
 .group         0x0000000000000000        0xc ./Core/Src/syscalls.o
 .group         0x0000000000000000        0xc ./Core/Src/syscalls.o
 .group         0x0000000000000000        0xc ./Core/Src/syscalls.o
 .group         0x0000000000000000        0xc ./Core/Src/syscalls.o
 .group         0x0000000000000000        0xc ./Core/Src/syscalls.o
 .group         0x0000000000000000        0xc ./Core/Src/syscalls.o
 .group         0x0000000000000000        0xc ./Core/Src/syscalls.o
 .group         0x0000000000000000        0xc ./Core/Src/syscalls.o
 .group         0x0000000000000000        0xc ./Core/Src/syscalls.o
 .group         0x0000000000000000        0xc ./Core/Src/syscalls.o
 .group         0x0000000000000000        0xc ./Core/Src/syscalls.o
 .group         0x0000000000000000        0xc ./Core/Src/syscalls.o
 .group         0x0000000000000000        0xc ./Core/Src/syscalls.o
 .group         0x0000000000000000        0xc ./Core/Src/syscalls.o
 .group         0x0000000000000000        0xc ./Core/Src/syscalls.o
 .group         0x0000000000000000        0xc ./Core/Src/syscalls.o
 .group         0x0000000000000000        0xc ./Core/Src/syscalls.o
 .group         0x0000000000000000        0xc ./Core/Src/syscalls.o
 .group         0x0000000000000000        0xc ./Core/Src/syscalls.o
 .group         0x0000000000000000        0xc ./Core/Src/syscalls.o
 .group         0x0000000000000000        0xc ./Core/Src/syscalls.o
 .group         0x0000000000000000        0xc ./Core/Src/syscalls.o
 .group         0x0000000000000000        0xc ./Core/Src/syscalls.o
 .group         0x0000000000000000        0xc ./Core/Src/syscalls.o
 .group         0x0000000000000000        0xc ./Core/Src/syscalls.o
 .text          0x0000000000000000        0x0 ./Core/Src/syscalls.o
 .data          0x0000000000000000        0x0 ./Core/Src/syscalls.o
 .bss           0x0000000000000000        0x0 ./Core/Src/syscalls.o
 .bss.__env     0x0000000000000000        0x4 ./Core/Src/syscalls.o
 .data.environ  0x0000000000000000        0x4 ./Core/Src/syscalls.o
 .text.initialise_monitor_handles
                0x0000000000000000        0xe ./Core/Src/syscalls.o
 .text._getpid  0x0000000000000000       0x10 ./Core/Src/syscalls.o
 .text._kill    0x0000000000000000       0x20 ./Core/Src/syscalls.o
 .text._exit    0x0000000000000000       0x14 ./Core/Src/syscalls.o
 .text._read    0x0000000000000000       0x3a ./Core/Src/syscalls.o
 .text._write   0x0000000000000000       0x38 ./Core/Src/syscalls.o
 .text._close   0x0000000000000000       0x18 ./Core/Src/syscalls.o
 .text._fstat   0x0000000000000000       0x20 ./Core/Src/syscalls.o
 .text._isatty  0x0000000000000000       0x16 ./Core/Src/syscalls.o
 .text._lseek   0x0000000000000000       0x1a ./Core/Src/syscalls.o
 .text._open    0x0000000000000000       0x1c ./Core/Src/syscalls.o
 .text._wait    0x0000000000000000       0x1e ./Core/Src/syscalls.o
 .text._unlink  0x0000000000000000       0x1e ./Core/Src/syscalls.o
 .text._times   0x0000000000000000       0x18 ./Core/Src/syscalls.o
 .text._stat    0x0000000000000000       0x20 ./Core/Src/syscalls.o
 .text._link    0x0000000000000000       0x20 ./Core/Src/syscalls.o
 .text._fork    0x0000000000000000       0x16 ./Core/Src/syscalls.o
 .text._execve  0x0000000000000000       0x22 ./Core/Src/syscalls.o
 .debug_info    0x0000000000000000      0xfa8 ./Core/Src/syscalls.o
 .debug_abbrev  0x0000000000000000      0x286 ./Core/Src/syscalls.o
 .debug_aranges
                0x0000000000000000       0xa8 ./Core/Src/syscalls.o
 .debug_ranges  0x0000000000000000       0x98 ./Core/Src/syscalls.o
 .debug_macro   0x0000000000000000      0x24c ./Core/Src/syscalls.o
 .debug_macro   0x0000000000000000      0xaa8 ./Core/Src/syscalls.o
 .debug_macro   0x0000000000000000       0x22 ./Core/Src/syscalls.o
 .debug_macro   0x0000000000000000       0x4c ./Core/Src/syscalls.o
 .debug_macro   0x0000000000000000       0x18 ./Core/Src/syscalls.o
 .debug_macro   0x0000000000000000       0x94 ./Core/Src/syscalls.o
 .debug_macro   0x0000000000000000       0x3c ./Core/Src/syscalls.o
 .debug_macro   0x0000000000000000       0x34 ./Core/Src/syscalls.o
 .debug_macro   0x0000000000000000       0x57 ./Core/Src/syscalls.o
 .debug_macro   0x0000000000000000      0x174 ./Core/Src/syscalls.o
 .debug_macro   0x0000000000000000      0x339 ./Core/Src/syscalls.o
 .debug_macro   0x0000000000000000       0x16 ./Core/Src/syscalls.o
 .debug_macro   0x0000000000000000       0x43 ./Core/Src/syscalls.o
 .debug_macro   0x0000000000000000       0x34 ./Core/Src/syscalls.o
 .debug_macro   0x0000000000000000       0x10 ./Core/Src/syscalls.o
 .debug_macro   0x0000000000000000       0x58 ./Core/Src/syscalls.o
 .debug_macro   0x0000000000000000       0x71 ./Core/Src/syscalls.o
 .debug_macro   0x0000000000000000       0x1c ./Core/Src/syscalls.o
 .debug_macro   0x0000000000000000      0x12a ./Core/Src/syscalls.o
 .debug_macro   0x0000000000000000       0x10 ./Core/Src/syscalls.o
 .debug_macro   0x0000000000000000       0x35 ./Core/Src/syscalls.o
 .debug_macro   0x0000000000000000       0x10 ./Core/Src/syscalls.o
 .debug_macro   0x0000000000000000       0x10 ./Core/Src/syscalls.o
 .debug_macro   0x0000000000000000       0x10 ./Core/Src/syscalls.o
 .debug_macro   0x0000000000000000       0x6a ./Core/Src/syscalls.o
 .debug_macro   0x0000000000000000       0x1c ./Core/Src/syscalls.o
 .debug_macro   0x0000000000000000       0x52 ./Core/Src/syscalls.o
 .debug_macro   0x0000000000000000       0x22 ./Core/Src/syscalls.o
 .debug_macro   0x0000000000000000       0x10 ./Core/Src/syscalls.o
 .debug_macro   0x0000000000000000       0x40 ./Core/Src/syscalls.o
 .debug_macro   0x0000000000000000       0xd5 ./Core/Src/syscalls.o
 .debug_macro   0x0000000000000000       0x1c ./Core/Src/syscalls.o
 .debug_macro   0x0000000000000000       0x3d ./Core/Src/syscalls.o
 .debug_macro   0x0000000000000000       0x35 ./Core/Src/syscalls.o
 .debug_macro   0x0000000000000000      0x12c ./Core/Src/syscalls.o
 .debug_macro   0x0000000000000000       0x16 ./Core/Src/syscalls.o
 .debug_macro   0x0000000000000000       0x16 ./Core/Src/syscalls.o
 .debug_macro   0x0000000000000000       0x29 ./Core/Src/syscalls.o
 .debug_macro   0x0000000000000000       0x10 ./Core/Src/syscalls.o
 .debug_macro   0x0000000000000000      0x241 ./Core/Src/syscalls.o
 .debug_macro   0x0000000000000000       0x1c ./Core/Src/syscalls.o
 .debug_macro   0x0000000000000000       0x10 ./Core/Src/syscalls.o
 .debug_macro   0x0000000000000000       0x10 ./Core/Src/syscalls.o
 .debug_macro   0x0000000000000000       0x16 ./Core/Src/syscalls.o
 .debug_macro   0x0000000000000000      0x145 ./Core/Src/syscalls.o
 .debug_macro   0x0000000000000000      0x189 ./Core/Src/syscalls.o
 .debug_macro   0x0000000000000000       0x16 ./Core/Src/syscalls.o
 .debug_macro   0x0000000000000000       0xce ./Core/Src/syscalls.o
 .debug_line    0x0000000000000000      0x802 ./Core/Src/syscalls.o
 .debug_str     0x0000000000000000     0x8ed2 ./Core/Src/syscalls.o
 .comment       0x0000000000000000       0x54 ./Core/Src/syscalls.o
 .debug_frame   0x0000000000000000      0x2ac ./Core/Src/syscalls.o
 .ARM.attributes
                0x0000000000000000       0x34 ./Core/Src/syscalls.o
 .group         0x0000000000000000        0xc ./Core/Src/sysmem.o
 .group         0x0000000000000000        0xc ./Core/Src/sysmem.o
 .group         0x0000000000000000        0xc ./Core/Src/sysmem.o
 .group         0x0000000000000000        0xc ./Core/Src/sysmem.o
 .group         0x0000000000000000        0xc ./Core/Src/sysmem.o
 .group         0x0000000000000000        0xc ./Core/Src/sysmem.o
 .group         0x0000000000000000        0xc ./Core/Src/sysmem.o
 .group         0x0000000000000000        0xc ./Core/Src/sysmem.o
 .group         0x0000000000000000        0xc ./Core/Src/sysmem.o
 .group         0x0000000000000000        0xc ./Core/Src/sysmem.o
 .group         0x0000000000000000        0xc ./Core/Src/sysmem.o
 .group         0x0000000000000000        0xc ./Core/Src/sysmem.o
 .group         0x0000000000000000        0xc ./Core/Src/sysmem.o
 .group         0x0000000000000000        0xc ./Core/Src/sysmem.o
 .group         0x0000000000000000        0xc ./Core/Src/sysmem.o
 .group         0x0000000000000000        0xc ./Core/Src/sysmem.o
 .group         0x0000000000000000        0xc ./Core/Src/sysmem.o
 .group         0x0000000000000000        0xc ./Core/Src/sysmem.o
 .group         0x0000000000000000        0xc ./Core/Src/sysmem.o
 .group         0x0000000000000000        0xc ./Core/Src/sysmem.o
 .group         0x0000000000000000        0xc ./Core/Src/sysmem.o
 .group         0x0000000000000000        0xc ./Core/Src/sysmem.o
 .text          0x0000000000000000        0x0 ./Core/Src/sysmem.o
 .data          0x0000000000000000        0x0 ./Core/Src/sysmem.o
 .bss           0x0000000000000000        0x0 ./Core/Src/sysmem.o
 .bss.__sbrk_heap_end
                0x0000000000000000        0x4 ./Core/Src/sysmem.o
 .text._sbrk    0x0000000000000000       0x6c ./Core/Src/sysmem.o
 .debug_info    0x0000000000000000      0xa25 ./Core/Src/sysmem.o
 .debug_abbrev  0x0000000000000000      0x1bf ./Core/Src/sysmem.o
 .debug_aranges
                0x0000000000000000       0x20 ./Core/Src/sysmem.o
 .debug_ranges  0x0000000000000000       0x10 ./Core/Src/sysmem.o
 .debug_macro   0x0000000000000000       0xff ./Core/Src/sysmem.o
 .debug_macro   0x0000000000000000      0xaa8 ./Core/Src/sysmem.o
 .debug_macro   0x0000000000000000       0x10 ./Core/Src/sysmem.o
 .debug_macro   0x0000000000000000       0x22 ./Core/Src/sysmem.o
 .debug_macro   0x0000000000000000       0x4c ./Core/Src/sysmem.o
 .debug_macro   0x0000000000000000       0x18 ./Core/Src/sysmem.o
 .debug_macro   0x0000000000000000       0x94 ./Core/Src/sysmem.o
 .debug_macro   0x0000000000000000       0x3c ./Core/Src/sysmem.o
 .debug_macro   0x0000000000000000       0x34 ./Core/Src/sysmem.o
 .debug_macro   0x0000000000000000      0x174 ./Core/Src/sysmem.o
 .debug_macro   0x0000000000000000       0x16 ./Core/Src/sysmem.o
 .debug_macro   0x0000000000000000       0x43 ./Core/Src/sysmem.o
 .debug_macro   0x0000000000000000       0x57 ./Core/Src/sysmem.o
 .debug_macro   0x0000000000000000       0x34 ./Core/Src/sysmem.o
 .debug_macro   0x0000000000000000       0x10 ./Core/Src/sysmem.o
 .debug_macro   0x0000000000000000       0x58 ./Core/Src/sysmem.o
 .debug_macro   0x0000000000000000       0x71 ./Core/Src/sysmem.o
 .debug_macro   0x0000000000000000       0x1c ./Core/Src/sysmem.o
 .debug_macro   0x0000000000000000      0x12a ./Core/Src/sysmem.o
 .debug_macro   0x0000000000000000      0x23b ./Core/Src/sysmem.o
 .debug_macro   0x0000000000000000      0x103 ./Core/Src/sysmem.o
 .debug_macro   0x0000000000000000       0x6a ./Core/Src/sysmem.o
 .debug_macro   0x0000000000000000      0x1df ./Core/Src/sysmem.o
 .debug_line    0x0000000000000000      0x4f8 ./Core/Src/sysmem.o
 .debug_str     0x0000000000000000     0x62a5 ./Core/Src/sysmem.o
 .comment       0x0000000000000000       0x54 ./Core/Src/sysmem.o
 .debug_frame   0x0000000000000000       0x34 ./Core/Src/sysmem.o
 .ARM.attributes
                0x0000000000000000       0x34 ./Core/Src/sysmem.o
 .group         0x0000000000000000        0xc ./Core/Src/system_stm32f4xx.o
 .group         0x0000000000000000        0xc ./Core/Src/system_stm32f4xx.o
 .group         0x0000000000000000        0xc ./Core/Src/system_stm32f4xx.o
 .group         0x0000000000000000        0xc ./Core/Src/system_stm32f4xx.o
 .group         0x0000000000000000        0xc ./Core/Src/system_stm32f4xx.o
 .group         0x0000000000000000        0xc ./Core/Src/system_stm32f4xx.o
 .group         0x0000000000000000        0xc ./Core/Src/system_stm32f4xx.o
 .group         0x0000000000000000        0xc ./Core/Src/system_stm32f4xx.o
 .group         0x0000000000000000        0xc ./Core/Src/system_stm32f4xx.o
 .group         0x0000000000000000        0xc ./Core/Src/system_stm32f4xx.o
 .group         0x0000000000000000        0xc ./Core/Src/system_stm32f4xx.o
 .group         0x0000000000000000        0xc ./Core/Src/system_stm32f4xx.o
 .group         0x0000000000000000        0xc ./Core/Src/system_stm32f4xx.o
 .group         0x0000000000000000        0xc ./Core/Src/system_stm32f4xx.o
 .group         0x0000000000000000        0xc ./Core/Src/system_stm32f4xx.o
 .group         0x0000000000000000        0xc ./Core/Src/system_stm32f4xx.o
 .text          0x0000000000000000        0x0 ./Core/Src/system_stm32f4xx.o
 .data          0x0000000000000000        0x0 ./Core/Src/system_stm32f4xx.o
 .bss           0x0000000000000000        0x0 ./Core/Src/system_stm32f4xx.o
 .data.SystemCoreClock
                0x0000000000000000        0x4 ./Core/Src/system_stm32f4xx.o
 .rodata.AHBPrescTable
                0x0000000000000000       0x10 ./Core/Src/system_stm32f4xx.o
 .rodata.APBPrescTable
                0x0000000000000000        0x8 ./Core/Src/system_stm32f4xx.o
 .text.SystemCoreClockUpdate
                0x0000000000000000      0x100 ./Core/Src/system_stm32f4xx.o
 .debug_macro   0x0000000000000000      0xaa8 ./Core/Src/system_stm32f4xx.o
 .debug_macro   0x0000000000000000       0x2e ./Core/Src/system_stm32f4xx.o
 .debug_macro   0x0000000000000000       0x28 ./Core/Src/system_stm32f4xx.o
 .debug_macro   0x0000000000000000       0x22 ./Core/Src/system_stm32f4xx.o
 .debug_macro   0x0000000000000000       0x8e ./Core/Src/system_stm32f4xx.o
 .debug_macro   0x0000000000000000       0x51 ./Core/Src/system_stm32f4xx.o
 .debug_macro   0x0000000000000000      0x103 ./Core/Src/system_stm32f4xx.o
 .debug_macro   0x0000000000000000       0x6a ./Core/Src/system_stm32f4xx.o
 .debug_macro   0x0000000000000000      0x1df ./Core/Src/system_stm32f4xx.o
 .debug_macro   0x0000000000000000       0x1c ./Core/Src/system_stm32f4xx.o
 .debug_macro   0x0000000000000000       0x22 ./Core/Src/system_stm32f4xx.o
 .debug_macro   0x0000000000000000       0xdf ./Core/Src/system_stm32f4xx.o
 .debug_macro   0x0000000000000000     0x102d ./Core/Src/system_stm32f4xx.o
 .debug_macro   0x0000000000000000      0x11f ./Core/Src/system_stm32f4xx.o
 .debug_macro   0x0000000000000000     0xb86c ./Core/Src/system_stm32f4xx.o
 .debug_macro   0x0000000000000000       0x6d ./Core/Src/system_stm32f4xx.o
 .text          0x0000000000000000       0x14 ./Core/Startup/startup_stm32f401retx.o
 .data          0x0000000000000000        0x0 ./Core/Startup/startup_stm32f401retx.o
 .bss           0x0000000000000000        0x0 ./Core/Startup/startup_stm32f401retx.o
 .group         0x0000000000000000        0xc ./Core/mydrivers/Src/stm32f401xe_gpio.o
 .group         0x0000000000000000        0xc ./Core/mydrivers/Src/stm32f401xe_gpio.o
 .group         0x0000000000000000        0xc ./Core/mydrivers/Src/stm32f401xe_gpio.o
 .group         0x0000000000000000        0xc ./Core/mydrivers/Src/stm32f401xe_gpio.o
 .group         0x0000000000000000        0xc ./Core/mydrivers/Src/stm32f401xe_gpio.o
 .group         0x0000000000000000        0xc ./Core/mydrivers/Src/stm32f401xe_gpio.o
 .group         0x0000000000000000        0xc ./Core/mydrivers/Src/stm32f401xe_gpio.o
 .group         0x0000000000000000        0xc ./Core/mydrivers/Src/stm32f401xe_gpio.o
 .group         0x0000000000000000        0xc ./Core/mydrivers/Src/stm32f401xe_gpio.o
 .group         0x0000000000000000        0xc ./Core/mydrivers/Src/stm32f401xe_gpio.o
 .group         0x0000000000000000        0xc ./Core/mydrivers/Src/stm32f401xe_gpio.o
 .group         0x0000000000000000        0xc ./Core/mydrivers/Src/stm32f401xe_gpio.o
 .group         0x0000000000000000        0xc ./Core/mydrivers/Src/stm32f401xe_gpio.o
 .group         0x0000000000000000        0xc ./Core/mydrivers/Src/stm32f401xe_gpio.o
 .group         0x0000000000000000        0xc ./Core/mydrivers/Src/stm32f401xe_gpio.o
 .group         0x0000000000000000        0xc ./Core/mydrivers/Src/stm32f401xe_gpio.o
 .text          0x0000000000000000        0x0 ./Core/mydrivers/Src/stm32f401xe_gpio.o
 .data          0x0000000000000000        0x0 ./Core/mydrivers/Src/stm32f401xe_gpio.o
 .bss           0x0000000000000000        0x0 ./Core/mydrivers/Src/stm32f401xe_gpio.o
 .text.GPIO_WritePin
                0x0000000000000000       0x42 ./Core/mydrivers/Src/stm32f401xe_gpio.o
 .debug_macro   0x0000000000000000      0xaa8 ./Core/mydrivers/Src/stm32f401xe_gpio.o
 .debug_macro   0x0000000000000000       0x28 ./Core/mydrivers/Src/stm32f401xe_gpio.o
 .debug_macro   0x0000000000000000       0x22 ./Core/mydrivers/Src/stm32f401xe_gpio.o
 .debug_macro   0x0000000000000000       0x8e ./Core/mydrivers/Src/stm32f401xe_gpio.o
 .debug_macro   0x0000000000000000       0x51 ./Core/mydrivers/Src/stm32f401xe_gpio.o
 .debug_macro   0x0000000000000000      0x103 ./Core/mydrivers/Src/stm32f401xe_gpio.o
 .debug_macro   0x0000000000000000       0x6a ./Core/mydrivers/Src/stm32f401xe_gpio.o
 .debug_macro   0x0000000000000000      0x1df ./Core/mydrivers/Src/stm32f401xe_gpio.o
 .debug_macro   0x0000000000000000       0x1c ./Core/mydrivers/Src/stm32f401xe_gpio.o
 .debug_macro   0x0000000000000000       0x22 ./Core/mydrivers/Src/stm32f401xe_gpio.o
 .debug_macro   0x0000000000000000       0xdf ./Core/mydrivers/Src/stm32f401xe_gpio.o
 .debug_macro   0x0000000000000000     0x102d ./Core/mydrivers/Src/stm32f401xe_gpio.o
 .debug_macro   0x0000000000000000      0x11f ./Core/mydrivers/Src/stm32f401xe_gpio.o
 .debug_macro   0x0000000000000000     0xb86c ./Core/mydrivers/Src/stm32f401xe_gpio.o
 .debug_macro   0x0000000000000000      0x136 ./Core/mydrivers/Src/stm32f401xe_gpio.o
 .debug_macro   0x0000000000000000      0x21e ./Core/mydrivers/Src/stm32f401xe_gpio.o
 .group         0x0000000000000000        0xc ./Core/mydrivers/Src/stm32f401xe_i2c.o
 .group         0x0000000000000000        0xc ./Core/mydrivers/Src/stm32f401xe_i2c.o
 .group         0x0000000000000000        0xc ./Core/mydrivers/Src/stm32f401xe_i2c.o
 .group         0x0000000000000000        0xc ./Core/mydrivers/Src/stm32f401xe_i2c.o
 .group         0x0000000000000000        0xc ./Core/mydrivers/Src/stm32f401xe_i2c.o
 .group         0x0000000000000000        0xc ./Core/mydrivers/Src/stm32f401xe_i2c.o
 .group         0x0000000000000000        0xc ./Core/mydrivers/Src/stm32f401xe_i2c.o
 .group         0x0000000000000000        0xc ./Core/mydrivers/Src/stm32f401xe_i2c.o
 .group         0x0000000000000000        0xc ./Core/mydrivers/Src/stm32f401xe_i2c.o
 .group         0x0000000000000000        0xc ./Core/mydrivers/Src/stm32f401xe_i2c.o
 .group         0x0000000000000000        0xc ./Core/mydrivers/Src/stm32f401xe_i2c.o
 .group         0x0000000000000000        0xc ./Core/mydrivers/Src/stm32f401xe_i2c.o
 .group         0x0000000000000000        0xc ./Core/mydrivers/Src/stm32f401xe_i2c.o
 .group         0x0000000000000000        0xc ./Core/mydrivers/Src/stm32f401xe_i2c.o
 .group         0x0000000000000000        0xc ./Core/mydrivers/Src/stm32f401xe_i2c.o
 .group         0x0000000000000000        0xc ./Core/mydrivers/Src/stm32f401xe_i2c.o
 .group         0x0000000000000000        0xc ./Core/mydrivers/Src/stm32f401xe_i2c.o
 .text          0x0000000000000000        0x0 ./Core/mydrivers/Src/stm32f401xe_i2c.o
 .data          0x0000000000000000        0x0 ./Core/mydrivers/Src/stm32f401xe_i2c.o
 .bss           0x0000000000000000        0x0 ./Core/mydrivers/Src/stm32f401xe_i2c.o
 .text.I2c_ClockEnable
                0x0000000000000000       0x64 ./Core/mydrivers/Src/stm32f401xe_i2c.o
 .text.I2c_InitGpioPins
                0x0000000000000000      0x100 ./Core/mydrivers/Src/stm32f401xe_i2c.o
 .text.I2c_Init
                0x0000000000000000      0x1c0 ./Core/mydrivers/Src/stm32f401xe_i2c.o
 .text.I2c_SendAddress
                0x0000000000000000       0x7e ./Core/mydrivers/Src/stm32f401xe_i2c.o
 .text.I2c_Transmit
                0x0000000000000000       0xc4 ./Core/mydrivers/Src/stm32f401xe_i2c.o
 .text.I2c_Recieve
                0x0000000000000000      0x17c ./Core/mydrivers/Src/stm32f401xe_i2c.o
 .debug_info    0x0000000000000000      0x7d2 ./Core/mydrivers/Src/stm32f401xe_i2c.o
 .debug_abbrev  0x0000000000000000      0x1d9 ./Core/mydrivers/Src/stm32f401xe_i2c.o
 .debug_aranges
                0x0000000000000000       0x48 ./Core/mydrivers/Src/stm32f401xe_i2c.o
 .debug_ranges  0x0000000000000000       0x38 ./Core/mydrivers/Src/stm32f401xe_i2c.o
 .debug_macro   0x0000000000000000       0xe0 ./Core/mydrivers/Src/stm32f401xe_i2c.o
 .debug_macro   0x0000000000000000      0xaa8 ./Core/mydrivers/Src/stm32f401xe_i2c.o
 .debug_macro   0x0000000000000000       0x28 ./Core/mydrivers/Src/stm32f401xe_i2c.o
 .debug_macro   0x0000000000000000       0x22 ./Core/mydrivers/Src/stm32f401xe_i2c.o
 .debug_macro   0x0000000000000000       0x8e ./Core/mydrivers/Src/stm32f401xe_i2c.o
 .debug_macro   0x0000000000000000       0x51 ./Core/mydrivers/Src/stm32f401xe_i2c.o
 .debug_macro   0x0000000000000000      0x103 ./Core/mydrivers/Src/stm32f401xe_i2c.o
 .debug_macro   0x0000000000000000       0x6a ./Core/mydrivers/Src/stm32f401xe_i2c.o
 .debug_macro   0x0000000000000000      0x1df ./Core/mydrivers/Src/stm32f401xe_i2c.o
 .debug_macro   0x0000000000000000       0x1c ./Core/mydrivers/Src/stm32f401xe_i2c.o
 .debug_macro   0x0000000000000000       0x22 ./Core/mydrivers/Src/stm32f401xe_i2c.o
 .debug_macro   0x0000000000000000       0xdf ./Core/mydrivers/Src/stm32f401xe_i2c.o
 .debug_macro   0x0000000000000000     0x102d ./Core/mydrivers/Src/stm32f401xe_i2c.o
 .debug_macro   0x0000000000000000      0x11f ./Core/mydrivers/Src/stm32f401xe_i2c.o
 .debug_macro   0x0000000000000000     0xb86c ./Core/mydrivers/Src/stm32f401xe_i2c.o
 .debug_macro   0x0000000000000000      0x136 ./Core/mydrivers/Src/stm32f401xe_i2c.o
 .debug_macro   0x0000000000000000       0x94 ./Core/mydrivers/Src/stm32f401xe_i2c.o
 .debug_macro   0x0000000000000000      0x21e ./Core/mydrivers/Src/stm32f401xe_i2c.o
 .debug_line    0x0000000000000000      0x92f ./Core/mydrivers/Src/stm32f401xe_i2c.o
 .debug_str     0x0000000000000000    0x5051a ./Core/mydrivers/Src/stm32f401xe_i2c.o
 .comment       0x0000000000000000       0x54 ./Core/mydrivers/Src/stm32f401xe_i2c.o
 .debug_frame   0x0000000000000000       0xf0 ./Core/mydrivers/Src/stm32f401xe_i2c.o
 .ARM.attributes
                0x0000000000000000       0x34 ./Core/mydrivers/Src/stm32f401xe_i2c.o
 .group         0x0000000000000000        0xc ./Core/mydrivers/Src/stm32f401xe_pwr.o
 .group         0x0000000000000000        0xc ./Core/mydrivers/Src/stm32f401xe_pwr.o
 .group         0x0000000000000000        0xc ./Core/mydrivers/Src/stm32f401xe_pwr.o
 .group         0x0000000000000000        0xc ./Core/mydrivers/Src/stm32f401xe_pwr.o
 .group         0x0000000000000000        0xc ./Core/mydrivers/Src/stm32f401xe_pwr.o
 .group         0x0000000000000000        0xc ./Core/mydrivers/Src/stm32f401xe_pwr.o
 .group         0x0000000000000000        0xc ./Core/mydrivers/Src/stm32f401xe_pwr.o
 .group         0x0000000000000000        0xc ./Core/mydrivers/Src/stm32f401xe_pwr.o
 .group         0x0000000000000000        0xc ./Core/mydrivers/Src/stm32f401xe_pwr.o
 .group         0x0000000000000000        0xc ./Core/mydrivers/Src/stm32f401xe_pwr.o
 .group         0x0000000000000000        0xc ./Core/mydrivers/Src/stm32f401xe_pwr.o
 .group         0x0000000000000000        0xc ./Core/mydrivers/Src/stm32f401xe_pwr.o
 .group         0x0000000000000000        0xc ./Core/mydrivers/Src/stm32f401xe_pwr.o
 .group         0x0000000000000000        0xc ./Core/mydrivers/Src/stm32f401xe_pwr.o
 .group         0x0000000000000000        0xc ./Core/mydrivers/Src/stm32f401xe_pwr.o
 .text          0x0000000000000000        0x0 ./Core/mydrivers/Src/stm32f401xe_pwr.o
 .data          0x0000000000000000        0x0 ./Core/mydrivers/Src/stm32f401xe_pwr.o
 .bss           0x0000000000000000        0x0 ./Core/mydrivers/Src/stm32f401xe_pwr.o
 .text.__NVIC_EnableIRQ
                0x0000000000000000       0x3c ./Core/mydrivers/Src/stm32f401xe_pwr.o
 .text.Pwr_EnablePvd
                0x0000000000000000       0x7c ./Core/mydrivers/Src/stm32f401xe_pwr.o
 .text.Pwr_EnterSleepMode
                0x0000000000000000       0x48 ./Core/mydrivers/Src/stm32f401xe_pwr.o
 .text.Pwr_EnterStandbyMode
                0x0000000000000000       0x64 ./Core/mydrivers/Src/stm32f401xe_pwr.o
 .debug_macro   0x0000000000000000      0xaa8 ./Core/mydrivers/Src/stm32f401xe_pwr.o
 .debug_macro   0x0000000000000000       0x28 ./Core/mydrivers/Src/stm32f401xe_pwr.o
 .debug_macro   0x0000000000000000       0x22 ./Core/mydrivers/Src/stm32f401xe_pwr.o
 .debug_macro   0x0000000000000000       0x8e ./Core/mydrivers/Src/stm32f401xe_pwr.o
 .debug_macro   0x0000000000000000       0x51 ./Core/mydrivers/Src/stm32f401xe_pwr.o
 .debug_macro   0x0000000000000000      0x103 ./Core/mydrivers/Src/stm32f401xe_pwr.o
 .debug_macro   0x0000000000000000       0x6a ./Core/mydrivers/Src/stm32f401xe_pwr.o
 .debug_macro   0x0000000000000000      0x1df ./Core/mydrivers/Src/stm32f401xe_pwr.o
 .debug_macro   0x0000000000000000       0x1c ./Core/mydrivers/Src/stm32f401xe_pwr.o
 .debug_macro   0x0000000000000000       0x22 ./Core/mydrivers/Src/stm32f401xe_pwr.o
 .debug_macro   0x0000000000000000       0xdf ./Core/mydrivers/Src/stm32f401xe_pwr.o
 .debug_macro   0x0000000000000000     0x102d ./Core/mydrivers/Src/stm32f401xe_pwr.o
 .debug_macro   0x0000000000000000      0x11f ./Core/mydrivers/Src/stm32f401xe_pwr.o
 .debug_macro   0x0000000000000000     0xb86c ./Core/mydrivers/Src/stm32f401xe_pwr.o
 .debug_macro   0x0000000000000000       0x16 ./Core/mydrivers/Src/stm32f401xe_pwr.o
 .group         0x0000000000000000        0xc ./Core/mydrivers/Src/stm32f401xe_rcc.o
 .group         0x0000000000000000        0xc ./Core/mydrivers/Src/stm32f401xe_rcc.o
 .group         0x0000000000000000        0xc ./Core/mydrivers/Src/stm32f401xe_rcc.o
 .group         0x0000000000000000        0xc ./Core/mydrivers/Src/stm32f401xe_rcc.o
 .group         0x0000000000000000        0xc ./Core/mydrivers/Src/stm32f401xe_rcc.o
 .group         0x0000000000000000        0xc ./Core/mydrivers/Src/stm32f401xe_rcc.o
 .group         0x0000000000000000        0xc ./Core/mydrivers/Src/stm32f401xe_rcc.o
 .group         0x0000000000000000        0xc ./Core/mydrivers/Src/stm32f401xe_rcc.o
 .group         0x0000000000000000        0xc ./Core/mydrivers/Src/stm32f401xe_rcc.o
 .group         0x0000000000000000        0xc ./Core/mydrivers/Src/stm32f401xe_rcc.o
 .group         0x0000000000000000        0xc ./Core/mydrivers/Src/stm32f401xe_rcc.o
 .group         0x0000000000000000        0xc ./Core/mydrivers/Src/stm32f401xe_rcc.o
 .group         0x0000000000000000        0xc ./Core/mydrivers/Src/stm32f401xe_rcc.o
 .group         0x0000000000000000        0xc ./Core/mydrivers/Src/stm32f401xe_rcc.o
 .group         0x0000000000000000        0xc ./Core/mydrivers/Src/stm32f401xe_rcc.o
 .text          0x0000000000000000        0x0 ./Core/mydrivers/Src/stm32f401xe_rcc.o
 .data          0x0000000000000000        0x0 ./Core/mydrivers/Src/stm32f401xe_rcc.o
 .bss           0x0000000000000000        0x0 ./Core/mydrivers/Src/stm32f401xe_rcc.o
 .text.RCC_InitClock
                0x0000000000000000      0x270 ./Core/mydrivers/Src/stm32f401xe_rcc.o
 .text.RCC_CalculatePllclk
                0x0000000000000000       0x60 ./Core/mydrivers/Src/stm32f401xe_rcc.o
 .text.RCC_GetApbPrescaler
                0x0000000000000000       0x68 ./Core/mydrivers/Src/stm32f401xe_rcc.o
 .text.RCC_GetAhbPrescaler
                0x0000000000000000       0xa4 ./Core/mydrivers/Src/stm32f401xe_rcc.o
 .text.RCC_GetSysclk
                0x0000000000000000       0x5c ./Core/mydrivers/Src/stm32f401xe_rcc.o
 .text.RCC_GetHclk
                0x0000000000000000       0x38 ./Core/mydrivers/Src/stm32f401xe_rcc.o
 .text.RCC_GetPclk
                0x0000000000000000       0x64 ./Core/mydrivers/Src/stm32f401xe_rcc.o
 .text.RCC_GetClockFrequencies
                0x0000000000000000       0x3c ./Core/mydrivers/Src/stm32f401xe_rcc.o
 .debug_info    0x0000000000000000      0x6df ./Core/mydrivers/Src/stm32f401xe_rcc.o
 .debug_abbrev  0x0000000000000000      0x1e1 ./Core/mydrivers/Src/stm32f401xe_rcc.o
 .debug_aranges
                0x0000000000000000       0x58 ./Core/mydrivers/Src/stm32f401xe_rcc.o
 .debug_ranges  0x0000000000000000       0x48 ./Core/mydrivers/Src/stm32f401xe_rcc.o
 .debug_macro   0x0000000000000000       0xce ./Core/mydrivers/Src/stm32f401xe_rcc.o
 .debug_macro   0x0000000000000000      0xaa8 ./Core/mydrivers/Src/stm32f401xe_rcc.o
 .debug_macro   0x0000000000000000       0x28 ./Core/mydrivers/Src/stm32f401xe_rcc.o
 .debug_macro   0x0000000000000000       0x22 ./Core/mydrivers/Src/stm32f401xe_rcc.o
 .debug_macro   0x0000000000000000       0x8e ./Core/mydrivers/Src/stm32f401xe_rcc.o
 .debug_macro   0x0000000000000000       0x51 ./Core/mydrivers/Src/stm32f401xe_rcc.o
 .debug_macro   0x0000000000000000      0x103 ./Core/mydrivers/Src/stm32f401xe_rcc.o
 .debug_macro   0x0000000000000000       0x6a ./Core/mydrivers/Src/stm32f401xe_rcc.o
 .debug_macro   0x0000000000000000      0x1df ./Core/mydrivers/Src/stm32f401xe_rcc.o
 .debug_macro   0x0000000000000000       0x1c ./Core/mydrivers/Src/stm32f401xe_rcc.o
 .debug_macro   0x0000000000000000       0x22 ./Core/mydrivers/Src/stm32f401xe_rcc.o
 .debug_macro   0x0000000000000000       0xdf ./Core/mydrivers/Src/stm32f401xe_rcc.o
 .debug_macro   0x0000000000000000     0x102d ./Core/mydrivers/Src/stm32f401xe_rcc.o
 .debug_macro   0x0000000000000000      0x11f ./Core/mydrivers/Src/stm32f401xe_rcc.o
 .debug_macro   0x0000000000000000     0xb86c ./Core/mydrivers/Src/stm32f401xe_rcc.o
 .debug_macro   0x0000000000000000      0x218 ./Core/mydrivers/Src/stm32f401xe_rcc.o
 .debug_line    0x0000000000000000      0x7ae ./Core/mydrivers/Src/stm32f401xe_rcc.o
 .debug_str     0x0000000000000000    0x4fd96 ./Core/mydrivers/Src/stm32f401xe_rcc.o
 .comment       0x0000000000000000       0x54 ./Core/mydrivers/Src/stm32f401xe_rcc.o
 .debug_frame   0x0000000000000000      0x138 ./Core/mydrivers/Src/stm32f401xe_rcc.o
 .ARM.attributes
                0x0000000000000000       0x34 ./Core/mydrivers/Src/stm32f401xe_rcc.o
 .group         0x0000000000000000        0xc ./Core/mydrivers/Src/stm32f401xe_tim.o
 .group         0x0000000000000000        0xc ./Core/mydrivers/Src/stm32f401xe_tim.o
 .group         0x0000000000000000        0xc ./Core/mydrivers/Src/stm32f401xe_tim.o
 .group         0x0000000000000000        0xc ./Core/mydrivers/Src/stm32f401xe_tim.o
 .group         0x0000000000000000        0xc ./Core/mydrivers/Src/stm32f401xe_tim.o
 .group         0x0000000000000000        0xc ./Core/mydrivers/Src/stm32f401xe_tim.o
 .group         0x0000000000000000        0xc ./Core/mydrivers/Src/stm32f401xe_tim.o
 .group         0x0000000000000000        0xc ./Core/mydrivers/Src/stm32f401xe_tim.o
 .group         0x0000000000000000        0xc ./Core/mydrivers/Src/stm32f401xe_tim.o
 .group         0x0000000000000000        0xc ./Core/mydrivers/Src/stm32f401xe_tim.o
 .group         0x0000000000000000        0xc ./Core/mydrivers/Src/stm32f401xe_tim.o
 .group         0x0000000000000000        0xc ./Core/mydrivers/Src/stm32f401xe_tim.o
 .group         0x0000000000000000        0xc ./Core/mydrivers/Src/stm32f401xe_tim.o
 .group         0x0000000000000000        0xc ./Core/mydrivers/Src/stm32f401xe_tim.o
 .group         0x0000000000000000        0xc ./Core/mydrivers/Src/stm32f401xe_tim.o
 .group         0x0000000000000000        0xc ./Core/mydrivers/Src/stm32f401xe_tim.o
 .text          0x0000000000000000        0x0 ./Core/mydrivers/Src/stm32f401xe_tim.o
 .data          0x0000000000000000        0x0 ./Core/mydrivers/Src/stm32f401xe_tim.o
 .bss           0x0000000000000000        0x0 ./Core/mydrivers/Src/stm32f401xe_tim.o
 .text.TIM_ClockEnable
                0x0000000000000000       0xe8 ./Core/mydrivers/Src/stm32f401xe_tim.o
 .text.TIM_InitTimer
                0x0000000000000000       0x46 ./Core/mydrivers/Src/stm32f401xe_tim.o
 .text.TIM_EnableIRQ
                0x0000000000000000       0x30 ./Core/mydrivers/Src/stm32f401xe_tim.o
 .text.TIM_ClearUpdateFlag
                0x0000000000000000       0x20 ./Core/mydrivers/Src/stm32f401xe_tim.o
 .text.TIM_StartTimer
                0x0000000000000000       0x24 ./Core/mydrivers/Src/stm32f401xe_tim.o
 .debug_info    0x0000000000000000      0x5c8 ./Core/mydrivers/Src/stm32f401xe_tim.o
 .debug_abbrev  0x0000000000000000      0x158 ./Core/mydrivers/Src/stm32f401xe_tim.o
 .debug_aranges
                0x0000000000000000       0x40 ./Core/mydrivers/Src/stm32f401xe_tim.o
 .debug_ranges  0x0000000000000000       0x30 ./Core/mydrivers/Src/stm32f401xe_tim.o
 .debug_macro   0x0000000000000000       0xd1 ./Core/mydrivers/Src/stm32f401xe_tim.o
 .debug_macro   0x0000000000000000      0xaa8 ./Core/mydrivers/Src/stm32f401xe_tim.o
 .debug_macro   0x0000000000000000       0x28 ./Core/mydrivers/Src/stm32f401xe_tim.o
 .debug_macro   0x0000000000000000       0x22 ./Core/mydrivers/Src/stm32f401xe_tim.o
 .debug_macro   0x0000000000000000       0x8e ./Core/mydrivers/Src/stm32f401xe_tim.o
 .debug_macro   0x0000000000000000       0x51 ./Core/mydrivers/Src/stm32f401xe_tim.o
 .debug_macro   0x0000000000000000      0x103 ./Core/mydrivers/Src/stm32f401xe_tim.o
 .debug_macro   0x0000000000000000       0x6a ./Core/mydrivers/Src/stm32f401xe_tim.o
 .debug_macro   0x0000000000000000      0x1df ./Core/mydrivers/Src/stm32f401xe_tim.o
 .debug_macro   0x0000000000000000       0x1c ./Core/mydrivers/Src/stm32f401xe_tim.o
 .debug_macro   0x0000000000000000       0x22 ./Core/mydrivers/Src/stm32f401xe_tim.o
 .debug_macro   0x0000000000000000       0xdf ./Core/mydrivers/Src/stm32f401xe_tim.o
 .debug_macro   0x0000000000000000     0x102d ./Core/mydrivers/Src/stm32f401xe_tim.o
 .debug_macro   0x0000000000000000      0x11f ./Core/mydrivers/Src/stm32f401xe_tim.o
 .debug_macro   0x0000000000000000     0xb86c ./Core/mydrivers/Src/stm32f401xe_tim.o
 .debug_macro   0x0000000000000000       0x1c ./Core/mydrivers/Src/stm32f401xe_tim.o
 .debug_macro   0x0000000000000000      0x21e ./Core/mydrivers/Src/stm32f401xe_tim.o
 .debug_line    0x0000000000000000      0x56f ./Core/mydrivers/Src/stm32f401xe_tim.o
 .debug_str     0x0000000000000000    0x4fd0d ./Core/mydrivers/Src/stm32f401xe_tim.o
 .comment       0x0000000000000000       0x54 ./Core/mydrivers/Src/stm32f401xe_tim.o
 .debug_frame   0x0000000000000000       0xd4 ./Core/mydrivers/Src/stm32f401xe_tim.o
 .ARM.attributes
                0x0000000000000000       0x34 ./Core/mydrivers/Src/stm32f401xe_tim.o
 .text          0x0000000000000000        0x0 d:/st/stm32cubeide_1.6.1/stm32cubeide/plugins/com.st.stm32cube.ide.mcu.externaltools.gnu-tools-for-stm32.9-2020-q2-update.win32_2.0.0.202105311346/tools/bin/../lib/gcc/arm-none-eabi/9.3.1/../../../../arm-none-eabi/lib/thumb/v7e-m+fp/hard\libc_nano.a(lib_a-errno.o)
 .data          0x0000000000000000        0x0 d:/st/stm32cubeide_1.6.1/stm32cubeide/plugins/com.st.stm32cube.ide.mcu.externaltools.gnu-tools-for-stm32.9-2020-q2-update.win32_2.0.0.202105311346/tools/bin/../lib/gcc/arm-none-eabi/9.3.1/../../../../arm-none-eabi/lib/thumb/v7e-m+fp/hard\libc_nano.a(lib_a-errno.o)
 .bss           0x0000000000000000        0x0 d:/st/stm32cubeide_1.6.1/stm32cubeide/plugins/com.st.stm32cube.ide.mcu.externaltools.gnu-tools-for-stm32.9-2020-q2-update.win32_2.0.0.202105311346/tools/bin/../lib/gcc/arm-none-eabi/9.3.1/../../../../arm-none-eabi/lib/thumb/v7e-m+fp/hard\libc_nano.a(lib_a-errno.o)
 .text.__errno  0x0000000000000000        0xc d:/st/stm32cubeide_1.6.1/stm32cubeide/plugins/com.st.stm32cube.ide.mcu.externaltools.gnu-tools-for-stm32.9-2020-q2-update.win32_2.0.0.202105311346/tools/bin/../lib/gcc/arm-none-eabi/9.3.1/../../../../arm-none-eabi/lib/thumb/v7e-m+fp/hard\libc_nano.a(lib_a-errno.o)
 .debug_frame   0x0000000000000000       0x20 d:/st/stm32cubeide_1.6.1/stm32cubeide/plugins/com.st.stm32cube.ide.mcu.externaltools.gnu-tools-for-stm32.9-2020-q2-update.win32_2.0.0.202105311346/tools/bin/../lib/gcc/arm-none-eabi/9.3.1/../../../../arm-none-eabi/lib/thumb/v7e-m+fp/hard\libc_nano.a(lib_a-errno.o)
 .ARM.attributes
                0x0000000000000000       0x34 d:/st/stm32cubeide_1.6.1/stm32cubeide/plugins/com.st.stm32cube.ide.mcu.externaltools.gnu-tools-for-stm32.9-2020-q2-update.win32_2.0.0.202105311346/tools/bin/../lib/gcc/arm-none-eabi/9.3.1/../../../../arm-none-eabi/lib/thumb/v7e-m+fp/hard\libc_nano.a(lib_a-errno.o)
 .text          0x0000000000000000        0x0 d:/st/stm32cubeide_1.6.1/stm32cubeide/plugins/com.st.stm32cube.ide.mcu.externaltools.gnu-tools-for-stm32.9-2020-q2-update.win32_2.0.0.202105311346/tools/bin/../lib/gcc/arm-none-eabi/9.3.1/../../../../arm-none-eabi/lib/thumb/v7e-m+fp/hard\libc_nano.a(lib_a-exit.o)
 .data          0x0000000000000000        0x0 d:/st/stm32cubeide_1.6.1/stm32cubeide/plugins/com.st.stm32cube.ide.mcu.externaltools.gnu-tools-for-stm32.9-2020-q2-update.win32_2.0.0.202105311346/tools/bin/../lib/gcc/arm-none-eabi/9.3.1/../../../../arm-none-eabi/lib/thumb/v7e-m+fp/hard\libc_nano.a(lib_a-exit.o)
 .bss           0x0000000000000000        0x0 d:/st/stm32cubeide_1.6.1/stm32cubeide/plugins/com.st.stm32cube.ide.mcu.externaltools.gnu-tools-for-stm32.9-2020-q2-update.win32_2.0.0.202105311346/tools/bin/../lib/gcc/arm-none-eabi/9.3.1/../../../../arm-none-eabi/lib/thumb/v7e-m+fp/hard\libc_nano.a(lib_a-exit.o)
 .text.exit     0x0000000000000000       0x28 d:/st/stm32cubeide_1.6.1/stm32cubeide/plugins/com.st.stm32cube.ide.mcu.externaltools.gnu-tools-for-stm32.9-2020-q2-update.win32_2.0.0.202105311346/tools/bin/../lib/gcc/arm-none-eabi/9.3.1/../../../../arm-none-eabi/lib/thumb/v7e-m+fp/hard\libc_nano.a(lib_a-exit.o)
 .debug_frame   0x0000000000000000       0x28 d:/st/stm32cubeide_1.6.1/stm32cubeide/plugins/com.st.stm32cube.ide.mcu.externaltools.gnu-tools-for-stm32.9-2020-q2-update.win32_2.0.0.202105311346/tools/bin/../lib/gcc/arm-none-eabi/9.3.1/../../../../arm-none-eabi/lib/thumb/v7e-m+fp/hard\libc_nano.a(lib_a-exit.o)
 .ARM.attributes
                0x0000000000000000       0x34 d:/st/stm32cubeide_1.6.1/stm32cubeide/plugins/com.st.stm32cube.ide.mcu.externaltools.gnu-tools-for-stm32.9-2020-q2-update.win32_2.0.0.202105311346/tools/bin/../lib/gcc/arm-none-eabi/9.3.1/../../../../arm-none-eabi/lib/thumb/v7e-m+fp/hard\libc_nano.a(lib_a-exit.o)
 .text          0x0000000000000000        0x0 d:/st/stm32cubeide_1.6.1/stm32cubeide/plugins/com.st.stm32cube.ide.mcu.externaltools.gnu-tools-for-stm32.9-2020-q2-update.win32_2.0.0.202105311346/tools/bin/../lib/gcc/arm-none-eabi/9.3.1/../../../../arm-none-eabi/lib/thumb/v7e-m+fp/hard\libc_nano.a(lib_a-impure.o)
 .data          0x0000000000000000        0x0 d:/st/stm32cubeide_1.6.1/stm32cubeide/plugins/com.st.stm32cube.ide.mcu.externaltools.gnu-tools-for-stm32.9-2020-q2-update.win32_2.0.0.202105311346/tools/bin/../lib/gcc/arm-none-eabi/9.3.1/../../../../arm-none-eabi/lib/thumb/v7e-m+fp/hard\libc_nano.a(lib_a-impure.o)
 .bss           0x0000000000000000        0x0 d:/st/stm32cubeide_1.6.1/stm32cubeide/plugins/com.st.stm32cube.ide.mcu.externaltools.gnu-tools-for-stm32.9-2020-q2-update.win32_2.0.0.202105311346/tools/bin/../lib/gcc/arm-none-eabi/9.3.1/../../../../arm-none-eabi/lib/thumb/v7e-m+fp/hard\libc_nano.a(lib_a-impure.o)
 .data._impure_ptr
                0x0000000000000000        0x4 d:/st/stm32cubeide_1.6.1/stm32cubeide/plugins/com.st.stm32cube.ide.mcu.externaltools.gnu-tools-for-stm32.9-2020-q2-update.win32_2.0.0.202105311346/tools/bin/../lib/gcc/arm-none-eabi/9.3.1/../../../../arm-none-eabi/lib/thumb/v7e-m+fp/hard\libc_nano.a(lib_a-impure.o)
 .data.impure_data
                0x0000000000000000       0x60 d:/st/stm32cubeide_1.6.1/stm32cubeide/plugins/com.st.stm32cube.ide.mcu.externaltools.gnu-tools-for-stm32.9-2020-q2-update.win32_2.0.0.202105311346/tools/bin/../lib/gcc/arm-none-eabi/9.3.1/../../../../arm-none-eabi/lib/thumb/v7e-m+fp/hard\libc_nano.a(lib_a-impure.o)
 .rodata._global_impure_ptr
                0x0000000000000000        0x4 d:/st/stm32cubeide_1.6.1/stm32cubeide/plugins/com.st.stm32cube.ide.mcu.externaltools.gnu-tools-for-stm32.9-2020-q2-update.win32_2.0.0.202105311346/tools/bin/../lib/gcc/arm-none-eabi/9.3.1/../../../../arm-none-eabi/lib/thumb/v7e-m+fp/hard\libc_nano.a(lib_a-impure.o)
 .ARM.attributes
                0x0000000000000000       0x32 d:/st/stm32cubeide_1.6.1/stm32cubeide/plugins/com.st.stm32cube.ide.mcu.externaltools.gnu-tools-for-stm32.9-2020-q2-update.win32_2.0.0.202105311346/tools/bin/../lib/gcc/arm-none-eabi/9.3.1/../../../../arm-none-eabi/lib/thumb/v7e-m+fp/hard\libc_nano.a(lib_a-impure.o)
 .text          0x0000000000000000        0x0 d:/st/stm32cubeide_1.6.1/stm32cubeide/plugins/com.st.stm32cube.ide.mcu.externaltools.gnu-tools-for-stm32.9-2020-q2-update.win32_2.0.0.202105311346/tools/bin/../lib/gcc/arm-none-eabi/9.3.1/../../../../arm-none-eabi/lib/thumb/v7e-m+fp/hard\libc_nano.a(lib_a-init.o)
 .data          0x0000000000000000        0x0 d:/st/stm32cubeide_1.6.1/stm32cubeide/plugins/com.st.stm32cube.ide.mcu.externaltools.gnu-tools-for-stm32.9-2020-q2-update.win32_2.0.0.202105311346/tools/bin/../lib/gcc/arm-none-eabi/9.3.1/../../../../arm-none-eabi/lib/thumb/v7e-m+fp/hard\libc_nano.a(lib_a-init.o)
 .bss           0x0000000000000000        0x0 d:/st/stm32cubeide_1.6.1/stm32cubeide/plugins/com.st.stm32cube.ide.mcu.externaltools.gnu-tools-for-stm32.9-2020-q2-update.win32_2.0.0.202105311346/tools/bin/../lib/gcc/arm-none-eabi/9.3.1/../../../../arm-none-eabi/lib/thumb/v7e-m+fp/hard\libc_nano.a(lib_a-init.o)
 .text          0x0000000000000000        0x0 d:/st/stm32cubeide_1.6.1/stm32cubeide/plugins/com.st.stm32cube.ide.mcu.externaltools.gnu-tools-for-stm32.9-2020-q2-update.win32_2.0.0.202105311346/tools/bin/../lib/gcc/arm-none-eabi/9.3.1/../../../../arm-none-eabi/lib/thumb/v7e-m+fp/hard\libc_nano.a(lib_a-memset.o)
 .data          0x0000000000000000        0x0 d:/st/stm32cubeide_1.6.1/stm32cubeide/plugins/com.st.stm32cube.ide.mcu.externaltools.gnu-tools-for-stm32.9-2020-q2-update.win32_2.0.0.202105311346/tools/bin/../lib/gcc/arm-none-eabi/9.3.1/../../../../arm-none-eabi/lib/thumb/v7e-m+fp/hard\libc_nano.a(lib_a-memset.o)
 .bss           0x0000000000000000        0x0 d:/st/stm32cubeide_1.6.1/stm32cubeide/plugins/com.st.stm32cube.ide.mcu.externaltools.gnu-tools-for-stm32.9-2020-q2-update.win32_2.0.0.202105311346/tools/bin/../lib/gcc/arm-none-eabi/9.3.1/../../../../arm-none-eabi/lib/thumb/v7e-m+fp/hard\libc_nano.a(lib_a-memset.o)
 .text.memset   0x0000000000000000       0x10 d:/st/stm32cubeide_1.6.1/stm32cubeide/plugins/com.st.stm32cube.ide.mcu.externaltools.gnu-tools-for-stm32.9-2020-q2-update.win32_2.0.0.202105311346/tools/bin/../lib/gcc/arm-none-eabi/9.3.1/../../../../arm-none-eabi/lib/thumb/v7e-m+fp/hard\libc_nano.a(lib_a-memset.o)
 .debug_frame   0x0000000000000000       0x20 d:/st/stm32cubeide_1.6.1/stm32cubeide/plugins/com.st.stm32cube.ide.mcu.externaltools.gnu-tools-for-stm32.9-2020-q2-update.win32_2.0.0.202105311346/tools/bin/../lib/gcc/arm-none-eabi/9.3.1/../../../../arm-none-eabi/lib/thumb/v7e-m+fp/hard\libc_nano.a(lib_a-memset.o)
 .ARM.attributes
                0x0000000000000000       0x34 d:/st/stm32cubeide_1.6.1/stm32cubeide/plugins/com.st.stm32cube.ide.mcu.externaltools.gnu-tools-for-stm32.9-2020-q2-update.win32_2.0.0.202105311346/tools/bin/../lib/gcc/arm-none-eabi/9.3.1/../../../../arm-none-eabi/lib/thumb/v7e-m+fp/hard\libc_nano.a(lib_a-memset.o)
 .text          0x0000000000000000        0x0 d:/st/stm32cubeide_1.6.1/stm32cubeide/plugins/com.st.stm32cube.ide.mcu.externaltools.gnu-tools-for-stm32.9-2020-q2-update.win32_2.0.0.202105311346/tools/bin/../lib/gcc/arm-none-eabi/9.3.1/thumb/v7e-m+fp/hard/crtend.o
 .data          0x0000000000000000        0x0 d:/st/stm32cubeide_1.6.1/stm32cubeide/plugins/com.st.stm32cube.ide.mcu.externaltools.gnu-tools-for-stm32.9-2020-q2-update.win32_2.0.0.202105311346/tools/bin/../lib/gcc/arm-none-eabi/9.3.1/thumb/v7e-m+fp/hard/crtend.o
 .bss           0x0000000000000000        0x0 d:/st/stm32cubeide_1.6.1/stm32cubeide/plugins/com.st.stm32cube.ide.mcu.externaltools.gnu-tools-for-stm32.9-2020-q2-update.win32_2.0.0.202105311346/tools/bin/../lib/gcc/arm-none-eabi/9.3.1/thumb/v7e-m+fp/hard/crtend.o
 .eh_frame      0x0000000000000000        0x4 d:/st/stm32cubeide_1.6.1/stm32cubeide/plugins/com.st.stm32cube.ide.mcu.externaltools.gnu-tools-for-stm32.9-2020-q2-update.win32_2.0.0.202105311346/tools/bin/../lib/gcc/arm-none-eabi/9.3.1/thumb/v7e-m+fp/hard/crtend.o
 .ARM.attributes
                0x0000000000000000       0x32 d:/st/stm32cubeide_1.6.1/stm32cubeide/plugins/com.st.stm32cube.ide.mcu.externaltools.gnu-tools-for-stm32.9-2020-q2-update.win32_2.0.0.202105311346/tools/bin/../lib/gcc/arm-none-eabi/9.3.1/thumb/v7e-m+fp/hard/crtend.o
 .text          0x0000000000000000        0x0 d:/st/stm32cubeide_1.6.1/stm32cubeide/plugins/com.st.stm32cube.ide.mcu.externaltools.gnu-tools-for-stm32.9-2020-q2-update.win32_2.0.0.202105311346/tools/bin/../lib/gcc/arm-none-eabi/9.3.1/thumb/v7e-m+fp/hard/crtn.o
 .data          0x0000000000000000        0x0 d:/st/stm32cubeide_1.6.1/stm32cubeide/plugins/com.st.stm32cube.ide.mcu.externaltools.gnu-tools-for-stm32.9-2020-q2-update.win32_2.0.0.202105311346/tools/bin/../lib/gcc/arm-none-eabi/9.3.1/thumb/v7e-m+fp/hard/crtn.o
 .bss           0x0000000000000000        0x0 d:/st/stm32cubeide_1.6.1/stm32cubeide/plugins/com.st.stm32cube.ide.mcu.externaltools.gnu-tools-for-stm32.9-2020-q2-update.win32_2.0.0.202105311346/tools/bin/../lib/gcc/arm-none-eabi/9.3.1/thumb/v7e-m+fp/hard/crtn.o

Memory Configuration

Name             Origin             Length             Attributes
RAM              0x0000000020000000 0x0000000000018000 xrw
FLASH            0x0000000008000000 0x0000000000080000 xr
*default*        0x0000000000000000 0xffffffffffffffff

Linker script and memory map

LOAD d:/st/stm32cubeide_1.6.1/stm32cubeide/plugins/com.st.stm32cube.ide.mcu.externaltools.gnu-tools-for-stm32.9-2020-q2-update.win32_2.0.0.202105311346/tools/bin/../lib/gcc/arm-none-eabi/9.3.1/thumb/v7e-m+fp/hard/crti.o
LOAD d:/st/stm32cubeide_1.6.1/stm32cubeide/plugins/com.st.stm32cube.ide.mcu.externaltools.gnu-tools-for-stm32.9-2020-q2-update.win32_2.0.0.202105311346/tools/bin/../lib/gcc/arm-none-eabi/9.3.1/thumb/v7e-m+fp/hard/crtbegin.o
LOAD d:/st/stm32cubeide_1.6.1/stm32cubeide/plugins/com.st.stm32cube.ide.mcu.externaltools.gnu-tools-for-stm32.9-2020-q2-update.win32_2.0.0.202105311346/tools/bin/../lib/gcc/arm-none-eabi/9.3.1/../../../../arm-none-eabi/lib/thumb/v7e-m+fp/hard/crt0.o
LOAD ./Core/Src/main.o
LOAD ./Core/Src/syscalls.o
LOAD ./Core/Src/sysmem.o
LOAD ./Core/Src/system_stm32f4xx.o
LOAD ./Core/Startup/startup_stm32f401retx.o
LOAD ./Core/mydrivers/Src/stm32f401xe_gpio.o
LOAD ./Core/mydrivers/Src/stm32f401xe_i2c.o
LOAD ./Core/mydrivers/Src/stm32f401xe_pwr.o
LOAD ./Core/mydrivers/Src/stm32f401xe_rcc.o
LOAD ./Core/mydrivers/Src/stm32f401xe_tim.o
START GROUP
LOAD d:/st/stm32cubeide_1.6.1/stm32cubeide/plugins/com.st.stm32cube.ide.mcu.externaltools.gnu-tools-for-stm32.9-2020-q2-update.win32_2.0.0.202105311346/tools/bin/../lib/gcc/arm-none-eabi/9.3.1/../../../../arm-none-eabi/lib/thumb/v7e-m+fp/hard\libc_nano.a
LOAD d:/st/stm32cubeide_1.6.1/stm32cubeide/plugins/com.st.stm32cube.ide.mcu.externaltools.gnu-tools-for-stm32.9-2020-q2-update.win32_2.0.0.202105311346/tools/bin/../lib/gcc/arm-none-eabi/9.3.1/../../../../arm-none-eabi/lib/thumb/v7e-m+fp/hard\libm.a
END GROUP
START GROUP
LOAD d:/st/stm32cubeide_1.6.1/stm32cubeide/plugins/com.st.stm32cube.ide.mcu.externaltools.gnu-tools-for-stm32.9-2020-q2-update.win32_2.0.0.202105311346/tools/bin/../lib/gcc/arm-none-eabi/9.3.1/thumb/v7e-m+fp/hard\libgcc.a
LOAD d:/st/stm32cubeide_1.6.1/stm32cubeide/plugins/com.st.stm32cube.ide.mcu.externaltools.gnu-tools-for-stm32.9-2020-q2-update.win32_2.0.0.202105311346/tools/bin/../lib/gcc/arm-none-eabi/9.3.1/../../../../arm-none-eabi/lib/thumb/v7e-m+fp/hard\libc_nano.a
END GROUP
START GROUP
LOAD d:/st/stm32cubeide_1.6.1/stm32cubeide/plugins/com.st.stm32cube.ide.mcu.externaltools.gnu-tools-for-stm32.9-2020-q2-update.win32_2.0.0.202105311346/tools/bin/../lib/gcc/arm-none-eabi/9.3.1/thumb/v7e-m+fp/hard\libgcc.a
LOAD d:/st/stm32cubeide_1.6.1/stm32cubeide/plugins/com.st.stm32cube.ide.mcu.externaltools.gnu-tools-for-stm32.9-2020-q2-update.win32_2.0.0.202105311346/tools/bin/../lib/gcc/arm-none-eabi/9.3.1/../../../../arm-none-eabi/lib/thumb/v7e-m+fp/hard\libc_nano.a
LOAD d:/st/stm32cubeide_1.6.1/stm32cubeide/plugins/com.st.stm32cube.ide.mcu.externaltools.gnu-tools-for-stm32.9-2020-q2-update.win32_2.0.0.202105311346/tools/bin/../lib/gcc/arm-none-eabi/9.3.1/../../../../arm-none-eabi/lib/thumb/v7e-m+fp/hard\libnosys.a
END GROUP
START GROUP
LOAD d:/st/stm32cubeide_1.6.1/stm32cubeide/plugins/com.st.stm32cube.ide.mcu.externaltools.gnu-tools-for-stm32.9-2020-q2-update.win32_2.0.0.202105311346/tools/bin/../lib/gcc/arm-none-eabi/9.3.1/thumb/v7e-m+fp/hard\libgcc.a
LOAD d:/st/stm32cubeide_1.6.1/stm32cubeide/plugins/com.st.stm32cube.ide.mcu.externaltools.gnu-tools-for-stm32.9-2020-q2-update.win32_2.0.0.202105311346/tools/bin/../lib/gcc/arm-none-eabi/9.3.1/../../../../arm-none-eabi/lib/thumb/v7e-m+fp/hard\libc_nano.a
LOAD d:/st/stm32cubeide_1.6.1/stm32cubeide/plugins/com.st.stm32cube.ide.mcu.externaltools.gnu-tools-for-stm32.9-2020-q2-update.win32_2.0.0.202105311346/tools/bin/../lib/gcc/arm-none-eabi/9.3.1/../../../../arm-none-eabi/lib/thumb/v7e-m+fp/hard\libnosys.a
END GROUP
LOAD d:/st/stm32cubeide_1.6.1/stm32cubeide/plugins/com.st.stm32cube.ide.mcu.externaltools.gnu-tools-for-stm32.9-2020-q2-update.win32_2.0.0.202105311346/tools/bin/../lib/gcc/arm-none-eabi/9.3.1/thumb/v7e-m+fp/hard/crtend.o
LOAD d:/st/stm32cubeide_1.6.1/stm32cubeide/plugins/com.st.stm32cube.ide.mcu.externaltools.gnu-tools-for-stm32.9-2020-q2-update.win32_2.0.0.202105311346/tools/bin/../lib/gcc/arm-none-eabi/9.3.1/thumb/v7e-m+fp/hard/crtn.o
                0x0000000020018000                _estack = (ORIGIN (RAM) + LENGTH (RAM))
                0x0000000000000200                _Min_Heap_Size = 0x200
                0x0000000000000400                _Min_Stack_Size = 0x400

.isr_vector     0x0000000008000000      0x194
                0x0000000008000000                . = ALIGN (0x4)
 *(.isr_vector)
 .isr_vector    0x0000000008000000      0x194 ./Core/Startup/startup_stm32f401retx.o
                0x0000000008000000                g_pfnVectors
                0x0000000008000194                . = ALIGN (0x4)

.text           0x0000000008000194      0x704
                0x0000000008000194                . = ALIGN (0x4)
 *(.text)
 .text          0x0000000008000194       0x40 d:/st/stm32cubeide_1.6.1/stm32cubeide/plugins/com.st.stm32cube.ide.mcu.externaltools.gnu-tools-for-stm32.9-2020-q2-update.win32_2.0.0.202105311346/tools/bin/../lib/gcc/arm-none-eabi/9.3.1/thumb/v7e-m+fp/hard/crtbegin.o
 *(.text*)
 .text.main     0x00000000080001d4       0x48 ./Core/Src/main.o
                0x00000000080001d4                main
 .text.GPIOConfig
                0x000000000800021c       0x44 ./Core/Src/main.o
                0x000000000800021c                GPIOConfig
 .text.EXTI15_10_IRQHandler
                0x0000000008000260       0x2c ./Core/Src/main.o
                0x0000000008000260                EXTI15_10_IRQHandler
 .text.SystemInit
                0x000000000800028c       0x24 ./Core/Src/system_stm32f4xx.o
                0x000000000800028c                SystemInit
 .text.Reset_Handler
                0x00000000080002b0       0x50 ./Core/Startup/startup_stm32f401retx.o
                0x00000000080002b0                Reset_Handler
 .text.Default_Handler
                0x0000000008000300        0x2 ./Core/Startup/startup_stm32f401retx.o
                0x0000000008000300                EXTI2_IRQHandler
                0x0000000008000300                DebugMon_Handler
                0x0000000008000300                SPI4_IRQHandler
                0x0000000008000300                TIM1_CC_IRQHandler
                0x0000000008000300                HardFault_Handler
                0x0000000008000300                SysTick_Handler
                0x0000000008000300                SDIO_IRQHandler
                0x0000000008000300                TAMP_STAMP_IRQHandler
                0x0000000008000300                PendSV_Handler
                0x0000000008000300                NMI_Handler
                0x0000000008000300                EXTI3_IRQHandler
                0x0000000008000300                TIM1_UP_TIM10_IRQHandler
                0x0000000008000300                I2C3_ER_IRQHandler
                0x0000000008000300                EXTI18_OTG_FS_WKUP_IRQHandler
                0x0000000008000300                EXTI0_IRQHandler
                0x0000000008000300                I2C2_EV_IRQHandler
                0x0000000008000300                FPU_IRQHandler
                0x0000000008000300                UsageFault_Handler
                0x0000000008000300                SPI1_IRQHandler
                0x0000000008000300                TIM1_BRK_TIM9_IRQHandler
                0x0000000008000300                USART6_IRQHandler
                0x0000000008000300                TIM4_IRQHandler
                0x0000000008000300                I2C1_EV_IRQHandler
                0x0000000008000300                TIM3_IRQHandler
                0x0000000008000300                RCC_IRQHandler
                0x0000000008000300                Default_Handler
                0x0000000008000300                ADC_IRQHandler
                0x0000000008000300                TIM5_IRQHandler
                0x0000000008000300                I2C3_EV_IRQHandler
                0x0000000008000300                EXTI9_5_IRQHandler
                0x0000000008000300                SPI2_IRQHandler
                0x0000000008000300                MemManage_Handler
                0x0000000008000300                SVC_Handler
                0x0000000008000300                EXTI4_IRQHandler
                0x0000000008000300                EXTI22_RTC_WKUP_IRQHandler
                0x0000000008000300                TIM2_IRQHandler
                0x0000000008000300                EXTI16_PVD_IRQHandler
                0x0000000008000300                TIM1_TRG_COM_TIM11_IRQHandler
                0x0000000008000300                EXTI1_IRQHandler
                0x0000000008000300                EXTI17_RTC_Alarm_IRQHandler
                0x0000000008000300                USART2_IRQHandler
                0x0000000008000300                I2C2_ER_IRQHandler
                0x0000000008000300                FLASH_IRQHandler
                0x0000000008000300                BusFault_Handler
                0x0000000008000300                USART1_IRQHandler
                0x0000000008000300                OTG_FS_IRQHandler
                0x0000000008000300                SPI3_IRQHandler
                0x0000000008000300                I2C1_ER_IRQHandler
 *fill*         0x0000000008000302        0x2 
 .text.GPIO_ClockEnable
                0x0000000008000304       0xb8 ./Core/mydrivers/Src/stm32f401xe_gpio.o
 .text.GPIO_InitPin
                0x00000000080003bc      0x31c ./Core/mydrivers/Src/stm32f401xe_gpio.o
                0x00000000080003bc                GPIO_InitPin
 .text.GPIO_TogglePin
                0x00000000080006d8       0x2a ./Core/mydrivers/Src/stm32f401xe_gpio.o
                0x00000000080006d8                GPIO_TogglePin
 *fill*         0x0000000008000702        0x2 
 .text.GPIO_ClearPendingEXTIFlag
                0x0000000008000704       0x30 ./Core/mydrivers/Src/stm32f401xe_gpio.o
                0x0000000008000704                GPIO_ClearPendingEXTIFlag
 .text.Pwr_EnterStopMode
                0x0000000008000734      0x104 ./Core/mydrivers/Src/stm32f401xe_pwr.o
                0x0000000008000734                Pwr_EnterStopMode
 .text.__libc_init_array
                0x0000000008000838       0x48 d:/st/stm32cubeide_1.6.1/stm32cubeide/plugins/com.st.stm32cube.ide.mcu.externaltools.gnu-tools-for-stm32.9-2020-q2-update.win32_2.0.0.202105311346/tools/bin/../lib/gcc/arm-none-eabi/9.3.1/../../../../arm-none-eabi/lib/thumb/v7e-m+fp/hard\libc_nano.a(lib_a-init.o)
                0x0000000008000838                __libc_init_array
 *(.glue_7)
 .glue_7        0x0000000008000880        0x0 linker stubs
 *(.glue_7t)
 .glue_7t       0x0000000008000880        0x0 linker stubs
 *(.eh_frame)
 .eh_frame      0x0000000008000880        0x0 d:/st/stm32cubeide_1.6.1/stm32cubeide/plugins/com.st.stm32cube.ide.mcu.externaltools.gnu-tools-for-stm32.9-2020-q2-update.win32_2.0.0.202105311346/tools/bin/../lib/gcc/arm-none-eabi/9.3.1/thumb/v7e-m+fp/hard/crtbegin.o
 *(.init)
 .init          0x0000000008000880        0x4 d:/st/stm32cubeide_1.6.1/stm32cubeide/plugins/com.st.stm32cube.ide.mcu.externaltools.gnu-tools-for-stm32.9-2020-q2-update.win32_2.0.0.202105311346/tools/bin/../lib/gcc/arm-none-eabi/9.3.1/thumb/v7e-m+fp/hard/crti.o
                0x0000000008000880                _init
 .init          0x0000000008000884        0x8 d:/st/stm32cubeide_1.6.1/stm32cubeide/plugins/com.st.stm32cube.ide.mcu.externaltools.gnu-tools-for-stm32.9-2020-q2-update.win32_2.0.0.202105311346/tools/bin/../lib/gcc/arm-none-eabi/9.3.1/thumb/v7e-m+fp/hard/crtn.o
 *(.fini)
 .fini          0x000000000800088c        0x4 d:/st/stm32cubeide_1.6.1/stm32cubeide/plugins/com.st.stm32cube.ide.mcu.externaltools.gnu-tools-for-stm32.9-2020-q2-update.win32_2.0.0.202105311346/tools/bin/../lib/gcc/arm-none-eabi/9.3.1/thumb/v7e-m+fp/hard/crti.o
                0x000000000800088c                _fini
 .fini          0x0000000008000890        0x8 d:/st/stm32cubeide_1.6.1/stm32cubeide/plugins/com.st.stm32cube.ide.mcu.externaltools.gnu-tools-for-stm32.9-2020-q2-update.win32_2.0.0.202105311346/tools/bin/../lib/gcc/arm-none-eabi/9.3.1/thumb/v7e-m+fp/hard/crtn.o
                0x0000000008000898                . = ALIGN (0x4)
                0x0000000008000898                _etext = .

.vfp11_veneer   0x0000000008000898        0x0
 .vfp11_veneer  0x0000000008000898        0x0 linker stubs

.v4_bx          0x0000000008000898        0x0
 .v4_bx         0x0000000008000898        0x0 linker stubs

.iplt           0x0000000008000898        0x0
 .iplt          0x0000000008000898        0x0 d:/st/stm32cubeide_1.6.1/stm32cubeide/plugins/com.st.stm32cube.ide.mcu.externaltools.gnu-tools-for-stm32.9-2020-q2-update.win32_2.0.0.202105311346/tools/bin/../lib/gcc/arm-none-eabi/9.3.1/thumb/v7e-m+fp/hard/crtbegin.o

.rel.dyn        0x0000000008000898        0x0
 .rel.iplt      0x0000000008000898        0x0 d:/st/stm32cubeide_1.6.1/stm32cubeide/plugins/com.st.stm32cube.ide.mcu.externaltools.gnu-tools-for-stm32.9-2020-q2-update.win32_2.0.0.202105311346/tools/bin/../lib/gcc/arm-none-eabi/9.3.1/thumb/v7e-m+fp/hard/crtbegin.o

.rodata         0x0000000008000898        0x0
                0x0000000008000898                . = ALIGN (0x4)
 *(.rodata)
 *(.rodata*)
                0x0000000008000898                . = ALIGN (0x4)

.ARM.extab      0x0000000008000898        0x0
                0x0000000008000898                . = ALIGN (0x4)
 *(.ARM.extab* .gnu.linkonce.armextab.*)
                0x0000000008000898                . = ALIGN (0x4)

.ARM            0x0000000008000898        0x0
                0x0000000008000898                . = ALIGN (0x4)
                0x0000000008000898                __exidx_start = .
 *(.ARM.exidx*)
                0x0000000008000898                __exidx_end = .
                0x0000000008000898                . = ALIGN (0x4)

.preinit_array  0x0000000008000898        0x0
                0x0000000008000898                . = ALIGN (0x4)
                0x0000000008000898                PROVIDE (__preinit_array_start = .)
 *(.preinit_array*)
                0x0000000008000898                PROVIDE (__preinit_array_end = .)
                0x0000000008000898                . = ALIGN (0x4)

.init_array     0x0000000008000898        0x4
                0x0000000008000898                . = ALIGN (0x4)
                0x0000000008000898                PROVIDE (__init_array_start = .)
 *(SORT_BY_NAME(.init_array.*))
 *(.init_array*)
 .init_array    0x0000000008000898        0x4 d:/st/stm32cubeide_1.6.1/stm32cubeide/plugins/com.st.stm32cube.ide.mcu.externaltools.gnu-tools-for-stm32.9-2020-q2-update.win32_2.0.0.202105311346/tools/bin/../lib/gcc/arm-none-eabi/9.3.1/thumb/v7e-m+fp/hard/crtbegin.o
                0x000000000800089c                PROVIDE (__init_array_end = .)
                0x000000000800089c                . = ALIGN (0x4)

.fini_array     0x000000000800089c        0x4
                0x000000000800089c                . = ALIGN (0x4)
                [!provide]                        PROVIDE (__fini_array_start = .)
 *(SORT_BY_NAME(.fini_array.*))
 *(.fini_array*)
 .fini_array    0x000000000800089c        0x4 d:/st/stm32cubeide_1.6.1/stm32cubeide/plugins/com.st.stm32cube.ide.mcu.externaltools.gnu-tools-for-stm32.9-2020-q2-update.win32_2.0.0.202105311346/tools/bin/../lib/gcc/arm-none-eabi/9.3.1/thumb/v7e-m+fp/hard/crtbegin.o
                [!provide]                        PROVIDE (__fini_array_end = .)
                0x00000000080008a0                . = ALIGN (0x4)
                0x00000000080008a0                _sidata = LOADADDR (.data)

.data           0x0000000020000000        0x0 load address 0x00000000080008a0
                0x0000000020000000                . = ALIGN (0x4)
                0x0000000020000000                _sdata = .
 *(.data)
 *(.data*)
 *(.RamFunc)
 *(.RamFunc*)
                0x0000000020000000                . = ALIGN (0x4)
                0x0000000020000000                _edata = .

.igot.plt       0x0000000020000000        0x0 load address 0x00000000080008a0
 .igot.plt      0x0000000020000000        0x0 d:/st/stm32cubeide_1.6.1/stm32cubeide/plugins/com.st.stm32cube.ide.mcu.externaltools.gnu-tools-for-stm32.9-2020-q2-update.win32_2.0.0.202105311346/tools/bin/../lib/gcc/arm-none-eabi/9.3.1/thumb/v7e-m+fp/hard/crtbegin.o
                0x0000000020000000                . = ALIGN (0x4)

.bss            0x0000000020000000       0x1c load address 0x00000000080008a0
                0x0000000020000000                _sbss = .
                0x0000000020000000                __bss_start__ = _sbss
 *(.bss)
 .bss           0x0000000020000000       0x1c d:/st/stm32cubeide_1.6.1/stm32cubeide/plugins/com.st.stm32cube.ide.mcu.externaltools.gnu-tools-for-stm32.9-2020-q2-update.win32_2.0.0.202105311346/tools/bin/../lib/gcc/arm-none-eabi/9.3.1/thumb/v7e-m+fp/hard/crtbegin.o
 *(.bss*)
 *(COMMON)
                0x000000002000001c                . = ALIGN (0x4)
                0x000000002000001c                _ebss = .
                0x000000002000001c                __bss_end__ = _ebss

._user_heap_stack
                0x000000002000001c      0x604 load address 0x00000000080008a0
                0x0000000020000020                . = ALIGN (0x8)
 *fill*         0x000000002000001c        0x4 
                [!provide]                        PROVIDE (end = .)
                0x0000000020000020                PROVIDE (_end = .)
                0x0000000020000220                . = (. + _Min_Heap_Size)
 *fill*         0x0000000020000020      0x200 
                0x0000000020000620                . = (. + _Min_Stack_Size)
 *fill*         0x0000000020000220      0x400 
                0x0000000020000620                . = ALIGN (0x8)

/DISCARD/
 libc.a(*)
 libm.a(*)
 libgcc.a(*)

.ARM.attributes
                0x0000000000000000       0x30
 *(.ARM.attributes)
 .ARM.attributes
                0x0000000000000000       0x1e d:/st/stm32cubeide_1.6.1/stm32cubeide/plugins/com.st.stm32cube.ide.mcu.externaltools.gnu-tools-for-stm32.9-2020-q2-update.win32_2.0.0.202105311346/tools/bin/../lib/gcc/arm-none-eabi/9.3.1/thumb/v7e-m+fp/hard/crti.o
 .ARM.attributes
                0x000000000000001e       0x34 d:/st/stm32cubeide_1.6.1/stm32cubeide/plugins/com.st.stm32cube.ide.mcu.externaltools.gnu-tools-for-stm32.9-2020-q2-update.win32_2.0.0.202105311346/tools/bin/../lib/gcc/arm-none-eabi/9.3.1/thumb/v7e-m+fp/hard/crtbegin.o
 .ARM.attributes
                0x0000000000000052       0x34 ./Core/Src/main.o
 .ARM.attributes
                0x0000000000000086       0x34 ./Core/Src/system_stm32f4xx.o
 .ARM.attributes
                0x00000000000000ba       0x21 ./Core/Startup/startup_stm32f401retx.o
 .ARM.attributes
                0x00000000000000db       0x34 ./Core/mydrivers/Src/stm32f401xe_gpio.o
 .ARM.attributes
                0x000000000000010f       0x34 ./Core/mydrivers/Src/stm32f401xe_pwr.o
 .ARM.attributes
                0x0000000000000143       0x34 d:/st/stm32cubeide_1.6.1/stm32cubeide/plugins/com.st.stm32cube.ide.mcu.externaltools.gnu-tools-for-stm32.9-2020-q2-update.win32_2.0.0.202105311346/tools/bin/../lib/gcc/arm-none-eabi/9.3.1/../../../../arm-none-eabi/lib/thumb/v7e-m+fp/hard\libc_nano.a(lib_a-init.o)
 .ARM.attributes
                0x0000000000000177       0x1e d:/st/stm32cubeide_1.6.1/stm32cubeide/plugins/com.st.stm32cube.ide.mcu.externaltools.gnu-tools-for-stm32.9-2020-q2-update.win32_2.0.0.202105311346/tools/bin/../lib/gcc/arm-none-eabi/9.3.1/thumb/v7e-m+fp/hard/crtn.o
OUTPUT(cmsis_drivers.elf elf32-littlearm)
LOAD linker stubs
LOAD d:/st/stm32cubeide_1.6.1/stm32cubeide/plugins/com.st.stm32cube.ide.mcu.externaltools.gnu-tools-for-stm32.9-2020-q2-update.win32_2.0.0.202105311346/tools/bin/../lib/gcc/arm-none-eabi/9.3.1/../../../../arm-none-eabi/lib/thumb/v7e-m+fp/hard\libc.a
LOAD d:/st/stm32cubeide_1.6.1/stm32cubeide/plugins/com.st.stm32cube.ide.mcu.externaltools.gnu-tools-for-stm32.9-2020-q2-update.win32_2.0.0.202105311346/tools/bin/../lib/gcc/arm-none-eabi/9.3.1/../../../../arm-none-eabi/lib/thumb/v7e-m+fp/hard\libm.a
LOAD d:/st/stm32cubeide_1.6.1/stm32cubeide/plugins/com.st.stm32cube.ide.mcu.externaltools.gnu-tools-for-stm32.9-2020-q2-update.win32_2.0.0.202105311346/tools/bin/../lib/gcc/arm-none-eabi/9.3.1/thumb/v7e-m+fp/hard\libgcc.a

.debug_info     0x0000000000000000     0x1c0a
 .debug_info    0x0000000000000000      0x6da ./Core/Src/main.o
 .debug_info    0x00000000000006da      0x572 ./Core/Src/system_stm32f4xx.o
 .debug_info    0x0000000000000c4c       0x22 ./Core/Startup/startup_stm32f401retx.o
 .debug_info    0x0000000000000c6e      0x78e ./Core/mydrivers/Src/stm32f401xe_gpio.o
 .debug_info    0x00000000000013fc      0x80e ./Core/mydrivers/Src/stm32f401xe_pwr.o

.debug_abbrev   0x0000000000000000      0x680
 .debug_abbrev  0x0000000000000000      0x197 ./Core/Src/main.o
 .debug_abbrev  0x0000000000000197      0x129 ./Core/Src/system_stm32f4xx.o
 .debug_abbrev  0x00000000000002c0       0x12 ./Core/Startup/startup_stm32f401retx.o
 .debug_abbrev  0x00000000000002d2      0x1d5 ./Core/mydrivers/Src/stm32f401xe_gpio.o
 .debug_abbrev  0x00000000000004a7      0x1d9 ./Core/mydrivers/Src/stm32f401xe_pwr.o

.debug_aranges  0x0000000000000000      0x100
 .debug_aranges
                0x0000000000000000       0x30 ./Core/Src/main.o
 .debug_aranges
                0x0000000000000030       0x28 ./Core/Src/system_stm32f4xx.o
 .debug_aranges
                0x0000000000000058       0x28 ./Core/Startup/startup_stm32f401retx.o
 .debug_aranges
                0x0000000000000080       0x40 ./Core/mydrivers/Src/stm32f401xe_gpio.o
 .debug_aranges
                0x00000000000000c0       0x40 ./Core/mydrivers/Src/stm32f401xe_pwr.o

.debug_ranges   0x0000000000000000       0xb8
 .debug_ranges  0x0000000000000000       0x20 ./Core/Src/main.o
 .debug_ranges  0x0000000000000020       0x18 ./Core/Src/system_stm32f4xx.o
 .debug_ranges  0x0000000000000038       0x20 ./Core/Startup/startup_stm32f401retx.o
 .debug_ranges  0x0000000000000058       0x30 ./Core/mydrivers/Src/stm32f401xe_gpio.o
 .debug_ranges  0x0000000000000088       0x30 ./Core/mydrivers/Src/stm32f401xe_pwr.o

.debug_macro    0x0000000000000000     0xe163
 .debug_macro   0x0000000000000000       0xf3 ./Core/Src/main.o
 .debug_macro   0x00000000000000f3      0xaa8 ./Core/Src/main.o
 .debug_macro   0x0000000000000b9b       0x22 ./Core/Src/main.o
 .debug_macro   0x0000000000000bbd       0x8e ./Core/Src/main.o
 .debug_macro   0x0000000000000c4b       0x51 ./Core/Src/main.o
 .debug_macro   0x0000000000000c9c      0x103 ./Core/Src/main.o
 .debug_macro   0x0000000000000d9f       0x6a ./Core/Src/main.o
 .debug_macro   0x0000000000000e09      0x1df ./Core/Src/main.o
 .debug_macro   0x0000000000000fe8       0x28 ./Core/Src/main.o
 .debug_macro   0x0000000000001010       0x1c ./Core/Src/main.o
 .debug_macro   0x000000000000102c       0x22 ./Core/Src/main.o
 .debug_macro   0x000000000000104e       0xdf ./Core/Src/main.o
 .debug_macro   0x000000000000112d     0x102d ./Core/Src/main.o
 .debug_macro   0x000000000000215a      0x11f ./Core/Src/main.o
 .debug_macro   0x0000000000002279     0xb86c ./Core/Src/main.o
 .debug_macro   0x000000000000dae5      0x136 ./Core/Src/main.o
 .debug_macro   0x000000000000dc1b       0x16 ./Core/Src/main.o
 .debug_macro   0x000000000000dc31      0x21e ./Core/Src/main.o
 .debug_macro   0x000000000000de4f       0x2e ./Core/Src/main.o
 .debug_macro   0x000000000000de7d       0x6d ./Core/Src/main.o
 .debug_macro   0x000000000000deea       0xda ./Core/Src/system_stm32f4xx.o
 .debug_macro   0x000000000000dfc4       0xd7 ./Core/mydrivers/Src/stm32f401xe_gpio.o
 .debug_macro   0x000000000000e09b       0xc8 ./Core/mydrivers/Src/stm32f401xe_pwr.o

.debug_line     0x0000000000000000     0x17b5
 .debug_line    0x0000000000000000      0x512 ./Core/Src/main.o
 .debug_line    0x0000000000000512      0x4f2 ./Core/Src/system_stm32f4xx.o
 .debug_line    0x0000000000000a04       0x89 ./Core/Startup/startup_stm32f401retx.o
 .debug_line    0x0000000000000a8d      0x799 ./Core/mydrivers/Src/stm32f401xe_gpio.o
 .debug_line    0x0000000000001226      0x58f ./Core/mydrivers/Src/stm32f401xe_pwr.o

.debug_str      0x0000000000000000    0x50e82
 .debug_str     0x0000000000000000    0x507c1 ./Core/Src/main.o
                                      0x50945 (size before relaxing)
 .debug_str     0x00000000000507c1       0x99 ./Core/Src/system_stm32f4xx.o
                                      0x4f6de (size before relaxing)
 .debug_str     0x000000000005085a       0x36 ./Core/Startup/startup_stm32f401retx.o
                                         0x76 (size before relaxing)
 .debug_str     0x0000000000050890      0x116 ./Core/mydrivers/Src/stm32f401xe_gpio.o
                                      0x5019d (size before relaxing)
 .debug_str     0x00000000000509a6      0x4dc ./Core/mydrivers/Src/stm32f401xe_pwr.o
                                      0x4f48b (size before relaxing)

.comment        0x0000000000000000       0x53
 .comment       0x0000000000000000       0x53 ./Core/Src/main.o
                                         0x54 (size before relaxing)
 .comment       0x0000000000000053       0x54 ./Core/Src/system_stm32f4xx.o
 .comment       0x0000000000000053       0x54 ./Core/mydrivers/Src/stm32f401xe_gpio.o
 .comment       0x0000000000000053       0x54 ./Core/mydrivers/Src/stm32f401xe_pwr.o

.debug_frame    0x0000000000000000      0x2a0
 .debug_frame   0x0000000000000000       0x70 ./Core/Src/main.o
 .debug_frame   0x0000000000000070       0x58 ./Core/Src/system_stm32f4xx.o
 .debug_frame   0x00000000000000c8       0xd8 ./Core/mydrivers/Src/stm32f401xe_gpio.o
 .debug_frame   0x00000000000001a0       0xd4 ./Core/mydrivers/Src/stm32f401xe_pwr.o
 .debug_frame   0x0000000000000274       0x2c d:/st/stm32cubeide_1.6.1/stm32cubeide/plugins/com.st.stm32cube.ide.mcu.externaltools.gnu-tools-for-stm32.9-2020-q2-update.win32_2.0.0.202105311346/tools/bin/../lib/gcc/arm-none-eabi/9.3.1/../../../../arm-none-eabi/lib/thumb/v7e-m+fp/hard\libc_nano.a(lib_a-init.o)
