core_cm4.h:1688:22:__NVIC_EnableIRQ	16	static
stm32f401xe_dma.h:157:20:DMA_EnableDoubleBufferMode	16	static
stm32f401xe_dma.h:162:20:DMA_SetAddresPeri	16	static
stm32f401xe_dma.h:167:20:DMA_SetAddresMem0	16	static
stm32f401xe_dma.h:172:20:DMA_SetAddresMem1	16	static
stm32f401xe_usart.c:40:6:USART_InitClock	16	static
stm32f401xe_usart.c:66:6:USART_InitGpioPins	16	static
stm32f401xe_usart.c:87:6:USART_SetBaudRate	56	static
stm32f401xe_usart.c:150:6:USART_EnableIRQs	24	static
stm32f401xe_usart.c:183:6:USART_SetBasicParameters	16	static
stm32f401xe_usart.c:214:6:USART_Receive	32	static
stm32f401xe_usart.c:266:6:USART_ConfigureReceiveDMA	24	static
stm32f401xe_usart.c:295:6:USART_ReceiveDMAStart	16	static
stm32f401xe_usart.c:322:6:USART_DMAReceiveDoneCallback	16	static
stm32f401xe_usart.c:339:6:USART_Transmit	32	static
stm32f401xe_usart.c:396:6:USART_ConfigureTransmitDMA	24	static
stm32f401xe_usart.c:426:6:USART_TransmitDMAStart	16	static
stm32f401xe_usart.c:453:6:USART_DMATransmitDoneCallback	16	static
